<*GCC-Win32-Linker-generated-mapfile*>
Archive member included to satisfy reference by file (symbol)

C:/Users/Ase-Lab/Desktop/ASE_LA~1/ASE_LA~1/VECUIM~1/ECUINS~1/Build/ECUINS~1/GeneratedCode/LibraryFiles/ModelInit/ModelInit_HostPC64_GCC_Debug.lib(ModelInit.obj)
                              .\BinaryArtifacts\EcuInstance\HostPC64_GCC\VEOS_Impl.o (VEOS_MdlInitApiImpl_CheckModel)
C:/Users/Ase-Lab/Desktop/ASE_LA~1/ASE_LA~1/VECUIM~1/ECUINS~1/Build/ECUINS~1/GeneratedCode/LibraryFiles/ModelInit/ModelInit_HostPC64_GCC_Debug.lib(VEOS_FrmRef.obj)
                              .\BinaryArtifacts\EcuInstance\HostPC64_GCC\VEOS_OsTskApi.o (gp_VEOS_OsTskApi_GetCurrentThreadId)
C:/Users/Ase-Lab/Desktop/ASE_LA~1/ASE_LA~1/VECUIM~1/ECUINS~1/Build/ECUINS~1/GeneratedCode/LibraryFiles/ModelInit/EcuIoCore_HostPC64_GCC_Debug.lib(EcuInit.obj)
                              C:/Users/Ase-Lab/Desktop/ASE_LA~1/ASE_LA~1/VECUIM~1/ECUINS~1/Build/ECUINS~1/GeneratedCode/LibraryFiles/ModelInit/ModelInit_HostPC64_GCC_Debug.lib(ModelInit.obj) (VEOS_ModelInit_EcuCoreInit)
C:/Users/Ase-Lab/Desktop/ASE_LA~1/ASE_LA~1/VECUIM~1/ECUINS~1/Build/ECUINS~1/GeneratedCode/LibraryFiles/ModelInit/NoCanIoCore_HostPC64_GCC_Debug.lib(NoCanInit.obj)
                              C:/Users/Ase-Lab/Desktop/ASE_LA~1/ASE_LA~1/VECUIM~1/ECUINS~1/Build/ECUINS~1/GeneratedCode/LibraryFiles/ModelInit/ModelInit_HostPC64_GCC_Debug.lib(ModelInit.obj) (VEOS_ModelInit_CanCoreInit)
C:/Users/Ase-Lab/Desktop/ASE_LA~1/ASE_LA~1/VECUIM~1/ECUINS~1/Build/ECUINS~1/GeneratedCode/LibraryFiles/ModelInit/NoLinIoCore_HostPC64_GCC_Debug.lib(NoLinInit.obj)
                              C:/Users/Ase-Lab/Desktop/ASE_LA~1/ASE_LA~1/VECUIM~1/ECUINS~1/Build/ECUINS~1/GeneratedCode/LibraryFiles/ModelInit/ModelInit_HostPC64_GCC_Debug.lib(ModelInit.obj) (VEOS_ModelInit_LinCoreInit)
C:/Users/Ase-Lab/Desktop/ASE_LA~1/ASE_LA~1/VECUIM~1/ECUINS~1/Build/ECUINS~1/GeneratedCode/LibraryFiles/ModelInit/NoEthIoCore_HostPC64_GCC_Debug.lib(NoEthInit.obj)
                              C:/Users/Ase-Lab/Desktop/ASE_LA~1/ASE_LA~1/VECUIM~1/ECUINS~1/Build/ECUINS~1/GeneratedCode/LibraryFiles/ModelInit/ModelInit_HostPC64_GCC_Debug.lib(ModelInit.obj) (VEOS_ModelInit_EthCoreInit)
C:/PROGRA~1/COMMON~1/dSPACE/GCC/5.2/bin/../lib/gcc/x86_64-w64-mingw32/5.2.0/../../../../x86_64-w64-mingw32/lib/../lib/libmingw32.a(lib64_libmingw32_a-atonexit.o)
                              C:/PROGRA~1/COMMON~1/dSPACE/GCC/5.2/bin/../lib/gcc/x86_64-w64-mingw32/5.2.0/crtbegin.o (atexit)
C:/PROGRA~1/COMMON~1/dSPACE/GCC/5.2/bin/../lib/gcc/x86_64-w64-mingw32/5.2.0/../../../../x86_64-w64-mingw32/lib/../lib/libmingw32.a(lib64_libmingw32_a-gccmain.o)
                              C:/PROGRA~1/COMMON~1/dSPACE/GCC/5.2/bin/../lib/gcc/x86_64-w64-mingw32/5.2.0/../../../../x86_64-w64-mingw32/lib/../lib/dllcrt2.o (__main)
C:/PROGRA~1/COMMON~1/dSPACE/GCC/5.2/bin/../lib/gcc/x86_64-w64-mingw32/5.2.0/../../../../x86_64-w64-mingw32/lib/../lib/libmingw32.a(lib64_libmingw32_a-natstart.o)
                              C:/PROGRA~1/COMMON~1/dSPACE/GCC/5.2/bin/../lib/gcc/x86_64-w64-mingw32/5.2.0/../../../../x86_64-w64-mingw32/lib/../lib/dllcrt2.o (__native_startup_lock)
C:/PROGRA~1/COMMON~1/dSPACE/GCC/5.2/bin/../lib/gcc/x86_64-w64-mingw32/5.2.0/../../../../x86_64-w64-mingw32/lib/../lib/libmingw32.a(lib64_libmingw32_a-gs_support.o)
                              C:/PROGRA~1/COMMON~1/dSPACE/GCC/5.2/bin/../lib/gcc/x86_64-w64-mingw32/5.2.0/../../../../x86_64-w64-mingw32/lib/../lib/dllcrt2.o (__security_init_cookie)
C:/PROGRA~1/COMMON~1/dSPACE/GCC/5.2/bin/../lib/gcc/x86_64-w64-mingw32/5.2.0/../../../../x86_64-w64-mingw32/lib/../lib/libmingw32.a(lib64_libmingw32_a-tlssup.o)
                              C:/PROGRA~1/COMMON~1/dSPACE/GCC/5.2/bin/../lib/gcc/x86_64-w64-mingw32/5.2.0/../../../../x86_64-w64-mingw32/lib/../lib/dllcrt2.o (__dyn_tls_init_callback)
C:/PROGRA~1/COMMON~1/dSPACE/GCC/5.2/bin/../lib/gcc/x86_64-w64-mingw32/5.2.0/../../../../x86_64-w64-mingw32/lib/../lib/libmingw32.a(lib64_libmingw32_a-cinitexe.o)
                              C:/PROGRA~1/COMMON~1/dSPACE/GCC/5.2/bin/../lib/gcc/x86_64-w64-mingw32/5.2.0/../../../../x86_64-w64-mingw32/lib/../lib/dllcrt2.o (__xc_z)
C:/PROGRA~1/COMMON~1/dSPACE/GCC/5.2/bin/../lib/gcc/x86_64-w64-mingw32/5.2.0/../../../../x86_64-w64-mingw32/lib/../lib/libmingw32.a(lib64_libmingw32_a-mingw_helpers.o)
                              C:/PROGRA~1/COMMON~1/dSPACE/GCC/5.2/bin/../lib/gcc/x86_64-w64-mingw32/5.2.0/../../../../x86_64-w64-mingw32/lib/../lib/dllcrt2.o (_decode_pointer)
C:/PROGRA~1/COMMON~1/dSPACE/GCC/5.2/bin/../lib/gcc/x86_64-w64-mingw32/5.2.0/../../../../x86_64-w64-mingw32/lib/../lib/libmingw32.a(lib64_libmingw32_a-pseudo-reloc.o)
                              C:/PROGRA~1/COMMON~1/dSPACE/GCC/5.2/bin/../lib/gcc/x86_64-w64-mingw32/5.2.0/../../../../x86_64-w64-mingw32/lib/../lib/dllcrt2.o (_pei386_runtime_relocator)
[...]
Memory Configuration

Name             Origin             Length             Attributes
*default*        0x0000000000000000 0xffffffffffffffff

Linker script and memory map

                0x0000000000000000                __image_base__ = 0x0
                0x0000000000000000                __dll__ = 0x0
                0x0000000000000000                __ImageBase = 0x0
                0x0000000000001000                __section_alignment__ = 0x1000
                0x0000000000000200                __file_alignment__ = 0x200
                0x0000000000000004                __major_os_version__ = 0x4
                0x0000000000000000                __minor_os_version__ = 0x0
                0x0000000000000000                __major_image_version__ = 0x0
                0x0000000000000000                __minor_image_version__ = 0x0
                0x0000000000000005                __major_subsystem_version__ = 0x5
                0x0000000000000002                __minor_subsystem_version__ = 0x2
                0x0000000000000003                __subsystem__ = 0x3
                0x0000000000200000                __size_of_stack_reserve__ = 0x200000
                0x0000000000001000                __size_of_stack_commit__ = 0x1000
                0x0000000000100000                __size_of_heap_reserve__ = 0x100000
                0x0000000000001000                __size_of_heap_commit__ = 0x1000
                0x0000000000000000                __loader_flags__ = 0x0
                0x0000000000000000                __dll_characteristics__ = 0x0
LOAD C:/PROGRA~1/COMMON~1/dSPACE/GCC/5.2/bin/../lib/gcc/x86_64-w64-mingw32/5.2.0/../../../../x86_64-w64-mingw32/lib/../lib/dllcrt2.o
LOAD C:/PROGRA~1/COMMON~1/dSPACE/GCC/5.2/bin/../lib/gcc/x86_64-w64-mingw32/5.2.0/crtbegin.o
START GROUP
LOAD .\BinaryArtifacts\EcuInstance\HostPC64_GCC\SchM.o
LOAD .\BinaryArtifacts\EcuInstance\HostPC64_GCC\Rte.o
LOAD .\BinaryArtifacts\EcuInstance\HostPC64_GCC\EcuM_States.o
LOAD .\BinaryArtifacts\EcuInstance\HostPC64_GCC\EcuM.o
LOAD .\BinaryArtifacts\EcuInstance\HostPC64_GCC\EcuM_Callout.o
LOAD .\BinaryArtifacts\EcuInstance\HostPC64_GCC\EcuM_PBcfg.o
LOAD .\BinaryArtifacts\EcuInstance\HostPC64_GCC\ReadFromSim.o
LOAD .\BinaryArtifacts\EcuInstance\HostPC64_GCC\AdjustSpeed.o
LOAD .\BinaryArtifacts\EcuInstance\HostPC64_GCC\SpeedControl.o
LOAD .\BinaryArtifacts\EcuInstance\HostPC64_GCC\EmergencyBrake.o
LOAD .\BinaryArtifacts\EcuInstance\HostPC64_GCC\WriteToSim.o
LOAD .\BinaryArtifacts\EcuInstance\HostPC64_GCC\Os_Frm_generated.o
LOAD .\BinaryArtifacts\EcuInstance\HostPC64_GCC\Os.o
LOAD .\BinaryArtifacts\EcuInstance\HostPC64_GCC\Os_ErrorHandler.o
LOAD .\BinaryArtifacts\EcuInstance\HostPC64_GCC\Os_Alarm.o
LOAD .\BinaryArtifacts\EcuInstance\HostPC64_GCC\Os_Event.o
LOAD .\BinaryArtifacts\EcuInstance\HostPC64_GCC\Os_ResInt.o
LOAD .\BinaryArtifacts\EcuInstance\HostPC64_GCC\Os_Task.o
LOAD .\BinaryArtifacts\EcuInstance\HostPC64_GCC\Os_SchedTbl.o
LOAD .\BinaryArtifacts\EcuInstance\HostPC64_GCC\Os_Counter.o
LOAD .\BinaryArtifacts\EcuInstance\HostPC64_GCC\Os_Kernel.o
LOAD .\BinaryArtifacts\EcuInstance\HostPC64_GCC\Os_Stubs.o
LOAD .\BinaryArtifacts\EcuInstance\HostPC64_GCC\Os_SimulationCore.o
LOAD .\BinaryArtifacts\EcuInstance\HostPC64_GCC\Os_EcuCore.o
LOAD .\BinaryArtifacts\EcuInstance\HostPC64_GCC\Os_Application.o
LOAD .\BinaryArtifacts\EcuInstance\HostPC64_GCC\Os_Spinlock.o
LOAD .\BinaryArtifacts\EcuInstance\HostPC64_GCC\Os_Native.o
LOAD .\BinaryArtifacts\EcuInstance\HostPC64_GCC\Os_TaskHandlingViaCallbacks.o
LOAD .\BinaryArtifacts\EcuInstance\HostPC64_GCC\Sab_Cfg_generated.o
LOAD .\BinaryArtifacts\EcuInstance\HostPC64_GCC\Sab.o
LOAD .\BinaryArtifacts\EcuInstance\HostPC64_GCC\Sab_MsgApi.o
LOAD .\BinaryArtifacts\EcuInstance\HostPC64_GCC\Sab_SwTimer.o
LOAD .\BinaryArtifacts\EcuInstance\HostPC64_GCC\Sab_HwTimer.o
LOAD .\BinaryArtifacts\EcuInstance\HostPC64_GCC\Sab_Gpt_Stub.o
LOAD .\BinaryArtifacts\EcuInstance\HostPC64_GCC\Sab_ResourceFile.o
LOAD .\BinaryArtifacts\EcuInstance\HostPC64_GCC\Dap_Cfg_Inports_generated.o
LOAD .\BinaryArtifacts\EcuInstance\HostPC64_GCC\Dap_Cfg_Outports_generated.o
LOAD .\BinaryArtifacts\EcuInstance\HostPC64_GCC\Dap.o
LOAD .\BinaryArtifacts\EcuInstance\HostPC64_GCC\SmartServices_Cfg_generated.o
LOAD .\BinaryArtifacts\EcuInstance\HostPC64_GCC\SmartServices.o
LOAD .\BinaryArtifacts\EcuInstance\HostPC64_GCC\VEcuAppFrm.o
LOAD .\BinaryArtifacts\EcuInstance\HostPC64_GCC\VEcuAppFrm_Exp.o
LOAD .\BinaryArtifacts\EcuInstance\HostPC64_GCC\VEcuAppFrm_States.o
LOAD .\BinaryArtifacts\EcuInstance\HostPC64_GCC\VEOS_Cfg_generated.o
LOAD .\BinaryArtifacts\EcuInstance\HostPC64_GCC\VEOS_Api.o
LOAD .\BinaryArtifacts\EcuInstance\HostPC64_GCC\VEOS_BusApi.o
LOAD .\BinaryArtifacts\EcuInstance\HostPC64_GCC\VEOS_ExpApi.o
LOAD .\BinaryArtifacts\EcuInstance\HostPC64_GCC\VEOS_SimApi.o
LOAD .\BinaryArtifacts\EcuInstance\HostPC64_GCC\VEOS_NotiApi.o
LOAD .\BinaryArtifacts\EcuInstance\HostPC64_GCC\VEOS_MsgApi.o
LOAD .\BinaryArtifacts\EcuInstance\HostPC64_GCC\VEOS_PortApi.o
LOAD .\BinaryArtifacts\EcuInstance\HostPC64_GCC\VEOS_OsTskApi.o
LOAD .\BinaryArtifacts\EcuInstance\HostPC64_GCC\VEOS_Interaction.o
LOAD .\BinaryArtifacts\EcuInstance\HostPC64_GCC\VEOS.o
LOAD .\BinaryArtifacts\EcuInstance\HostPC64_GCC\VEOS_Impl.o
LOAD .\BinaryArtifacts\EcuInstance\HostPC64_GCC\DsMsgApi.o
LOAD C:/Users/Ase-Lab/Desktop/ASE_LA~1/ASE_LA~1/VECUIM~1/ECUINS~1/Build/ECUINS~1/GeneratedCode/LibraryFiles/ModelInit/ModelInit_HostPC64_GCC_Debug.lib
LOAD C:/Users/Ase-Lab/Desktop/ASE_LA~1/ASE_LA~1/VECUIM~1/ECUINS~1/Build/ECUINS~1/GeneratedCode/LibraryFiles/ModelInit/EcuIoCore_HostPC64_GCC_Debug.lib
LOAD C:/Users/Ase-Lab/Desktop/ASE_LA~1/ASE_LA~1/VECUIM~1/ECUINS~1/Build/ECUINS~1/GeneratedCode/LibraryFiles/ModelInit/NoCanIoCore_HostPC64_GCC_Debug.lib
LOAD C:/Users/Ase-Lab/Desktop/ASE_LA~1/ASE_LA~1/VECUIM~1/ECUINS~1/Build/ECUINS~1/GeneratedCode/LibraryFiles/ModelInit/NoLinIoCore_HostPC64_GCC_Debug.lib
LOAD C:/Users/Ase-Lab/Desktop/ASE_LA~1/ASE_LA~1/VECUIM~1/ECUINS~1/Build/ECUINS~1/GeneratedCode/LibraryFiles/ModelInit/NoEthIoCore_HostPC64_GCC_Debug.lib
LOAD C:/Users/Ase-Lab/Desktop/ASE_LA~1/ASE_LA~1/VECUIM~1/ECUINS~1/Build/ECUINS~1/GeneratedCode/LibraryFiles/ModelInit/ModelInit_HostPC64_GCC_Debug.lib
LOAD C:/Users/Ase-Lab/Desktop/ASE_LA~1/ASE_LA~1/VECUIM~1/ECUINS~1/Build/ECUINS~1/GeneratedCode/LibraryFiles/ModelInit/EcuIoCore_HostPC64_GCC_Debug.lib
LOAD C:/Users/Ase-Lab/Desktop/ASE_LA~1/ASE_LA~1/VECUIM~1/ECUINS~1/Build/ECUINS~1/GeneratedCode/LibraryFiles/ModelInit/NoCanIoCore_HostPC64_GCC_Debug.lib
LOAD C:/Users/Ase-Lab/Desktop/ASE_LA~1/ASE_LA~1/VECUIM~1/ECUINS~1/Build/ECUINS~1/GeneratedCode/LibraryFiles/ModelInit/NoLinIoCore_HostPC64_GCC_Debug.lib
LOAD C:/Users/Ase-Lab/Desktop/ASE_LA~1/ASE_LA~1/VECUIM~1/ECUINS~1/Build/ECUINS~1/GeneratedCode/LibraryFiles/ModelInit/NoEthIoCore_HostPC64_GCC_Debug.lib
LOAD C:/PROGRA~1/COMMON~1/dSPACE/GCC/5.2/bin/../lib/gcc/x86_64-w64-mingw32/5.2.0/../../../../x86_64-w64-mingw32/lib/../lib/libshlwapi.a
END GROUP
LOAD C:/PROGRA~1/COMMON~1/dSPACE/GCC/5.2/bin/../lib/gcc/x86_64-w64-mingw32/5.2.0\libstdc++.a
LOAD C:/PROGRA~1/COMMON~1/dSPACE/GCC/5.2/bin/../lib/gcc/x86_64-w64-mingw32/5.2.0/../../../../x86_64-w64-mingw32/lib/../lib/libmingw32.a
LOAD C:/PROGRA~1/COMMON~1/dSPACE/GCC/5.2/bin/../lib/gcc/x86_64-w64-mingw32/5.2.0/libgcc.a
LOAD C:/PROGRA~1/COMMON~1/dSPACE/GCC/5.2/bin/../lib/gcc/x86_64-w64-mingw32/5.2.0/libgcc_eh.a
LOAD C:/PROGRA~1/COMMON~1/dSPACE/GCC/5.2/bin/../lib/gcc/x86_64-w64-mingw32/5.2.0/../../../../x86_64-w64-mingw32/lib/../lib/libmoldname.a
LOAD C:/PROGRA~1/COMMON~1/dSPACE/GCC/5.2/bin/../lib/gcc/x86_64-w64-mingw32/5.2.0/../../../../x86_64-w64-mingw32/lib/../lib/libmingwex.a
LOAD C:/PROGRA~1/COMMON~1/dSPACE/GCC/5.2/bin/../lib/gcc/x86_64-w64-mingw32/5.2.0/../../../../x86_64-w64-mingw32/lib/../lib/libmsvcrt.a
LOAD C:/PROGRA~1/COMMON~1/dSPACE/GCC/5.2/bin/../lib/gcc/x86_64-w64-mingw32/5.2.0/../../../../x86_64-w64-mingw32/lib/../lib/libadvapi32.a
LOAD C:/PROGRA~1/COMMON~1/dSPACE/GCC/5.2/bin/../lib/gcc/x86_64-w64-mingw32/5.2.0/../../../../x86_64-w64-mingw32/lib/../lib/libshell32.a
LOAD C:/PROGRA~1/COMMON~1/dSPACE/GCC/5.2/bin/../lib/gcc/x86_64-w64-mingw32/5.2.0/../../../../x86_64-w64-mingw32/lib/../lib/libuser32.a
LOAD C:/PROGRA~1/COMMON~1/dSPACE/GCC/5.2/bin/../lib/gcc/x86_64-w64-mingw32/5.2.0/../../../../x86_64-w64-mingw32/lib/../lib/libkernel32.a
LOAD C:/PROGRA~1/COMMON~1/dSPACE/GCC/5.2/bin/../lib/gcc/x86_64-w64-mingw32/5.2.0/../../../../x86_64-w64-mingw32/lib/../lib/libiconv.a
LOAD C:/PROGRA~1/COMMON~1/dSPACE/GCC/5.2/bin/../lib/gcc/x86_64-w64-mingw32/5.2.0/../../../../x86_64-w64-mingw32/lib/../lib/libmingw32.a
LOAD C:/PROGRA~1/COMMON~1/dSPACE/GCC/5.2/bin/../lib/gcc/x86_64-w64-mingw32/5.2.0/libgcc.a
LOAD C:/PROGRA~1/COMMON~1/dSPACE/GCC/5.2/bin/../lib/gcc/x86_64-w64-mingw32/5.2.0/libgcc_eh.a
LOAD C:/PROGRA~1/COMMON~1/dSPACE/GCC/5.2/bin/../lib/gcc/x86_64-w64-mingw32/5.2.0/../../../../x86_64-w64-mingw32/lib/../lib/libmoldname.a
LOAD C:/PROGRA~1/COMMON~1/dSPACE/GCC/5.2/bin/../lib/gcc/x86_64-w64-mingw32/5.2.0/../../../../x86_64-w64-mingw32/lib/../lib/libmingwex.a
LOAD C:/PROGRA~1/COMMON~1/dSPACE/GCC/5.2/bin/../lib/gcc/x86_64-w64-mingw32/5.2.0/../../../../x86_64-w64-mingw32/lib/../lib/libmsvcrt.a
LOAD C:/PROGRA~1/COMMON~1/dSPACE/GCC/5.2/bin/../lib/gcc/x86_64-w64-mingw32/5.2.0/crtend.o
                0x00000000000004d0                . = SIZEOF_HEADERS
                0x0000000000001000                . = ALIGN (__section_alignment__)

.text           0x0000000000001000     0xb400
 *(.init)
 *(.text)
 .text          0x0000000000001000      0x430 C:/PROGRA~1/COMMON~1/dSPACE/GCC/5.2/bin/../lib/gcc/x86_64-w64-mingw32/5.2.0/../../../../x86_64-w64-mingw32/lib/../lib/dllcrt2.o
                0x0000000000001050                _CRT_INIT
                0x00000000000013e0                DllMainCRTStartup
 .text          0x0000000000001430       0x80 C:/PROGRA~1/COMMON~1/dSPACE/GCC/5.2/bin/../lib/gcc/x86_64-w64-mingw32/5.2.0/crtbegin.o
                0x0000000000001430                .weak._Jv_RegisterClasses.__gcc_register_frame
                0x0000000000001440                __gcc_register_frame
                0x00000000000014a0                __gcc_deregister_frame
 .text          0x00000000000014b0       0x50 .\BinaryArtifacts\EcuInstance\HostPC64_GCC\SchM.o
                0x00000000000014b0                SchM_Init
                0x00000000000014b6                SchM_Deinit
                0x00000000000014cf                SchM_Start
                0x00000000000014d5                SchM_StartTiming
 .text          0x0000000000001500      0x160 .\BinaryArtifacts\EcuInstance\HostPC64_GCC\Rte.o
                0x0000000000001500                Os_Task_MainFunctionTask3_1ms
                0x0000000000001519                Os_Task_Task0_10ms
                0x000000000000155a                Os_Task_Task1
                0x00000000000015aa                Rte_Start
                0x0000000000001637                Rte_Stop
 .text          0x0000000000001660      0x790 .\BinaryArtifacts\EcuInstance\HostPC64_GCC\EcuM_States.o
                0x0000000000001660                EcuM_DoWakeupI
                0x000000000000169b                EcuM_SwitchState
                0x00000000000016ae                EcuM_DoStartupI
                0x0000000000001735                EcuM_DoEnterRun
                0x000000000000176a                EcuM_DoRunII
                0x0000000000001802                EcuM_DoRunIII
                0x000000000000184e                EcuM_DoPrepShutdown
                0x000000000000188e                EcuM_DoGoOffI
                0x00000000000018e6                EcuM_DoGoOffII
                0x0000000000001935                EcuM_DoSleepI
                0x000000000000197a                EcuM_DoSleepII
                0x0000000000001a15                EcuM_DoGoSleep
                0x0000000000001ab0                EcuM_DoWakeupValidation
                0x0000000000001bc4                EcuM_DoStartupII
                0x0000000000001c47                EcuM_DoWakeupII
                0x0000000000001c83                EcuM_DoWakeupReaction
                0x0000000000001d41                EcuM_InitializeList
                0x0000000000001d90                EcuM_CheckInitialized
                0x0000000000001dab                EcuM_CheckValidShutdownTarget
                0x0000000000001dd9                EcuM_CheckNullPtr
 .text          0x0000000000001df0      0x4b0 .\BinaryArtifacts\EcuInstance\HostPC64_GCC\EcuM.o
                0x0000000000001df0                EcuM_MainFunction
                0x0000000000001e72                EcuM_ClearWakeupEvent
                0x0000000000001e97                EcuM_GetBootTarget
                0x0000000000001eb0                EcuM_GetExpiredWakeupEvents
                0x0000000000001ec0                EcuM_GetLastShutdownTarget
                0x0000000000001f25                EcuM_GetPendingWakeupEvents
                0x0000000000001f6f                EcuM_GetShutdownTarget
                0x0000000000001fd4                EcuM_GetState
                0x000000000000201b                EcuM_GetValidatedWakeupEvents
                0x000000000000202b                EcuM_GetStatusOfWakeupSource
                0x0000000000002077                EcuM_Init
                0x00000000000020d8                EcuM_KillAllPostRUNRequests
                0x00000000000020ec                EcuM_KillAllRUNRequests
                0x0000000000002100                EcuM_ReleasePOST_RUN
                0x000000000000211d                EcuM_ReleaseRUN
                0x000000000000213a                EcuM_RequestPOST_RUN
                0x0000000000002157                EcuM_RequestRUN
                0x0000000000002174                EcuM_SelectBootTarget
                0x00000000000021a4                EcuM_SelectShutdownTarget
                0x000000000000220a                EcuM_Shutdown
                0x000000000000222c                EcuM_StartupTwo
                0x0000000000002240                Os_Task_EcuM_StartupTwoTask
                0x0000000000002259                EcuM_CB_NfyNvMJobEnd
                0x000000000000225f                EcuM_SetWakeupEvent
                0x000000000000228a                EcuM_ValidateWakeupEvent
 .text          0x00000000000022a0      0x2d0 .\BinaryArtifacts\EcuInstance\HostPC64_GCC\EcuM_Callout.o
                0x00000000000022a0                EcuM_AL_DriverInitOne
                0x00000000000022b4                EcuM_AL_DriverInitThree
                0x00000000000022cc                EcuM_AL_DriverInitTwo
                0x00000000000022e4                EcuM_AL_DriverInitZero
                0x00000000000022ff                EcuM_AL_DriverRestart
                0x0000000000002317                EcuM_AL_SwitchOff
                0x000000000000231d                EcuM_CheckRamHash
                0x0000000000002328                EcuM_CheckValidation
                0x00000000000023b5                EcuM_CheckWakeup
                0x0000000000002418                EcuM_DeterminePbConfiguration
                0x0000000000002425                EcuM_DisableWakeupSources
                0x0000000000002495                EcuM_EnableWakeupSources
                0x0000000000002501                EcuM_EndCheckWakeup
                0x0000000000002507                EcuM_ErrorHook
                0x000000000000250d                EcuM_GenerateRamHash
                0x0000000000002513                EcuM_OnEnterRun
                0x0000000000002519                EcuM_OnExitPostRun
                0x000000000000251f                EcuM_OnExitRun
                0x0000000000002525                EcuM_OnGoOffOne
                0x000000000000252b                EcuM_OnGoOffTwo
                0x0000000000002531                EcuM_OnGoSleep
                0x0000000000002537                EcuM_OnPrepShutdown
                0x000000000000253d                EcuM_OnRTEStartup
                0x0000000000002543                EcuM_OnWakeupReaction
                0x000000000000254b                EcuM_SleepActivity
                0x0000000000002551                EcuM_StartCheckWakeup
                0x0000000000002557                EcuM_StartWakeupSources
                0x000000000000255d                EcuM_StopWakeupSources
 .text          0x0000000000002570        0x0 .\BinaryArtifacts\EcuInstance\HostPC64_GCC\EcuM_PBcfg.o
 .text          0x0000000000002570      0x1c0 .\BinaryArtifacts\EcuInstance\HostPC64_GCC\ReadFromSim.o
                0x0000000000002570                set_pipe_mode
                0x00000000000025ba                get_rx_pipe
                0x0000000000002614                SensorSWC_ReadFromSim
 .text          0x0000000000002730      0x100 .\BinaryArtifacts\EcuInstance\HostPC64_GCC\AdjustSpeed.o
                0x0000000000002730                CruiseControl_AdjustSpeed
 .text          0x0000000000002830       0xa0 .\BinaryArtifacts\EcuInstance\HostPC64_GCC\SpeedControl.o
                0x0000000000002830                TargetSpeedControl_SpeedControl
 .text          0x00000000000028d0      0x100 .\BinaryArtifacts\EcuInstance\HostPC64_GCC\EmergencyBrake.o
                0x00000000000028d0                EmergencyBrake_EmergencyBrake
 .text          0x00000000000029d0      0x100 .\BinaryArtifacts\EcuInstance\HostPC64_GCC\WriteToSim.o
                0x00000000000029d0                get_tx_pipe
                0x0000000000002a1e                ActuatorSWC_WriteToSim
 .text          0x0000000000002ad0      0x1d0 .\BinaryArtifacts\EcuInstance\HostPC64_GCC\Os_Frm_generated.o
                0x0000000000002ad0                Os_TaskInternal_EcuM_StartupTwoTask
                0x0000000000002af7                Os_TaskInternal_MainFunctionTask3_1ms
                0x0000000000002b25                Os_TaskInternal_Task0_10ms
                0x0000000000002b53                Os_TaskInternal_Task1
                0x0000000000002b81                Os_PreInit
                0x0000000000002bd2                Os_Autostart
                0x0000000000002c0f                Os_IsrSystemTimer
                0x0000000000002c8e                Os_InitDataStructsOfIoc
 .text          0x0000000000002ca0      0x6a0 .\BinaryArtifacts\EcuInstance\HostPC64_GCC\Os.o
                0x0000000000002cf2                GetActiveApplicationMode
                0x0000000000002d0f                Os_SysScheduleSimple
                0x0000000000002d2d                Schedule
                0x0000000000002ddc                Os_FramePrepareStartOs
                0x0000000000002e2e                StartOS
                0x0000000000002fec                Os_SendWarningOsKernelIsNotRunning
                0x0000000000002ff3                Os_SendWarningAppModeIsNotDefined
                0x0000000000003019                ShutdownOS
 .text          0x0000000000003340      0x550 .\BinaryArtifacts\EcuInstance\HostPC64_GCC\Os_ErrorHandler.o
                0x0000000000003340                Os_GetServiceIdentifier
                0x00000000000036d5                Os_GetErrorType
                0x0000000000003853                Os_ErrorHook
 .text          0x0000000000003890      0x8e0 .\BinaryArtifacts\EcuInstance\HostPC64_GCC\Os_Alarm.o
                0x0000000000003890                GetAlarmBase
                0x000000000000392c                GetAlarm
                0x0000000000003a07                SetRelAlarm
                0x0000000000003bb6                SetAbsAlarm
                0x0000000000003ce3                CancelAlarm
                0x0000000000003d74                Os_AlarmHandler
 .text          0x0000000000004170      0x440 .\BinaryArtifacts\EcuInstance\HostPC64_GCC\Os_Event.o
                0x0000000000004170                SetEvent
                0x000000000000429d                ClearEvent
                0x0000000000004350                GetEvent
                0x0000000000004429                WaitEvent
 .text          0x00000000000045b0      0x6b0 .\BinaryArtifacts\EcuInstance\HostPC64_GCC\Os_ResInt.o
                0x0000000000004611                EnableAllInterrupts
                0x0000000000004658                DisableAllInterrupts
                0x0000000000004678                ResumeAllInterrupts
                0x00000000000046b9                SuspendAllInterrupts
                0x00000000000046d9                ResumeOSInterrupts
                0x0000000000004720                SuspendOSInterrupts
                0x0000000000004740                Os_EnterISR
                0x0000000000004760                Os_LeaveISR
                0x0000000000004780                Os_EnableInterrupt
                0x00000000000047e3                Os_DisableInterrupt
                0x0000000000004821                Os_GetInterruptDescriptor
                0x0000000000004846                GetResource
                0x00000000000049df                ReleaseResource
                0x0000000000004bcc                Os_ActivateIsr
 .text          0x0000000000004c60      0x7b0 .\BinaryArtifacts\EcuInstance\HostPC64_GCC\Os_Task.o
                0x0000000000004c60                Os_PreActivateTaskHook
                0x0000000000004d2e                Os_PostDeActivateTaskHook
                0x0000000000004d87                GetTaskID
                0x0000000000004db7                GetTaskState
                0x0000000000004e17                Os_ChangeTaskStateByPtr
                0x0000000000004e4e                ActivateTask
                0x0000000000004f69                ChainTask
                0x00000000000051bf                TerminateTask
                0x0000000000005397                Os_SetTaskReady
 .text          0x0000000000005410        0x0 .\BinaryArtifacts\EcuInstance\HostPC64_GCC\Os_SchedTbl.o
 .text          0x0000000000005410      0x3a0 .\BinaryArtifacts\EcuInstance\HostPC64_GCC\Os_Counter.o
                0x0000000000005410                Os_InitCounter
                0x00000000000054c6                Os_CounterTriggerSolely
                0x00000000000055b2                GetCounterValue
                0x000000000000560a                GetElapsedCounterValue
                0x00000000000056e2                Os_CounterTrigger
                0x0000000000005734                IncrementCounter
 .text          0x00000000000057b0      0x5d0 .\BinaryArtifacts\EcuInstance\HostPC64_GCC\Os_Kernel.o
                0x00000000000058d5                Os_EnterIsrHook
                0x00000000000058db                Os_LeaveIsrHook
                0x00000000000058e1                Os_PreTaskHook
                0x00000000000058e7                Os_PostTaskHook
                0x00000000000058ed                Os_TaskInternal_IDLE_LOOP
                0x0000000000005924                Os_FindHighPriorTask
                0x000000000000598b                Os_HandleSleepWakeupScenario
                0x0000000000005abf                Os_ScheduleInternal
                0x0000000000005c2f                Os_ReadyTasks_Add
                0x0000000000005c81                Os_ReadyTasks_Remove
                0x0000000000005cea                Os_ReadyTasks_Update
 .text          0x0000000000005d80      0x310 .\BinaryArtifacts\EcuInstance\HostPC64_GCC\Os_Stubs.o
                0x0000000000005d80                GetISRID
                0x0000000000005db3                CallTrustedFunction
                0x0000000000005de6                CheckObjectAccess
                0x0000000000005e2b                CheckObjectOwnerShip
                0x0000000000005e5e                CheckISRMemoryAccess
                0x0000000000005e91                CheckTaskMemoryAccess
                0x0000000000005ec4                ReadPeripheral8
                0x0000000000005ef7                ReadPeripheral16
                0x0000000000005f1e                ReadPeripheral32
                0x0000000000005f51                WritePeripheral8
                0x0000000000005f84                WritePeripheral16
                0x0000000000005fb7                WritePeripheral32
                0x0000000000005fea                ModifyPeripheral8
                0x000000000000601d                ModifyPeripheral16
                0x0000000000006050                ModifyPeripheral32
 .text          0x0000000000006090      0x2c0 .\BinaryArtifacts\EcuInstance\HostPC64_GCC\Os_SimulationCore.o
                0x0000000000006090                Os_SetInterruptLevel
                0x00000000000060bf                Os_ResetInterruptLevel
                0x00000000000060e2                Os_ScheduleInterruptActivatedTask
                0x0000000000006116                Os_SimulationCoreOnOsStarted
                0x000000000000612a                Os_SimulationCoreOnOsShutdown
                0x000000000000613e                Os_SimulationCoreOnOsWakeup
                0x0000000000006152                Os_SimulationCoreExpSvcPreTaskCall
                0x0000000000006169                Os_SimulationCoreExpSvcPostTaskCall
                0x0000000000006183                Os_GetMessageLevel
                0x00000000000061b7                Os_SimulationCoreErrorHook
                0x0000000000006243                Os_SimulationCoreShowErrorMessage
                0x0000000000006282                Os_SimulationCoreShowFatalErrorMessage
                0x00000000000062bc                Os_SimulationCoreShowWarningMessage
                0x00000000000062f1                Os_SimlationTerminateSimulation
                0x0000000000006305                Os_DisableAllLowerPrioTasks
                0x000000000000631c                Os_WaitForTaskResumption
                0x000000000000633a                Os_ResumeResumableTask
 .text          0x0000000000006350       0x70 .\BinaryArtifacts\EcuInstance\HostPC64_GCC\Os_EcuCore.o
                0x0000000000006350                GetCoreID
                0x000000000000635b                GetNumberOfActivatedCores
                0x0000000000006366                StartCore
                0x000000000000636f                StartNonAutosarCore
                0x0000000000006378                ShutdownAllCores
                0x00000000000063aa                ControlIdle
 .text          0x00000000000063c0       0xc0 .\BinaryArtifacts\EcuInstance\HostPC64_GCC\Os_Application.o
                0x00000000000063c0                GetApplicationID
                0x00000000000063d7                GetCurrentApplicationID
                0x00000000000063ea                GetApplicationState
                0x0000000000006416                AllowAccess
                0x000000000000643f                TerminateApplication
                0x000000000000646b                Os_ApplicationErrorHookFilter
 .text          0x0000000000006480       0xb0 .\BinaryArtifacts\EcuInstance\HostPC64_GCC\Os_Spinlock.o
                0x0000000000006480                GetSpinlock
                0x00000000000064b6                ReleaseSpinlock
                0x00000000000064ec                TryToGetSpinlock
 .text          0x0000000000006530       0xc0 .\BinaryArtifacts\EcuInstance\HostPC64_GCC\Os_Native.o
                0x0000000000006530                Os_InitTaskContextSwitch
                0x0000000000006544                Os_DeInitTaskContextSwitch
                0x0000000000006558                Os_TaskCreate
                0x000000000000656c                Os_TaskRestart
                0x0000000000006580                Os_TaskDelete
                0x0000000000006594                Os_TaskStart
                0x00000000000065a8                Os_Leave
                0x00000000000065bc                Os_TaskSwitch
                0x00000000000065cf                OsTerminateSimulation
 .text          0x00000000000065f0      0x380 .\BinaryArtifacts\EcuInstance\HostPC64_GCC\Os_TaskHandlingViaCallbacks.o
                0x00000000000065f0                Os_ThreadInit
                0x0000000000006636                Os_ThreadDeInit
                0x0000000000006662                Os_ThreadTaskCreate
                0x000000000000669f                Os_ThreadTaskDelete
                0x000000000000670c                Os_ThreadLeave
                0x0000000000006734                Os_ThreadTaskSwitch
                0x000000000000682e                Os_ThreadTaskRestart
                0x00000000000068c5                Os_ThreadTaskStart
                0x000000000000690f                Os_CurrentThreadIsInternal
 .text          0x0000000000006970       0x30 .\BinaryArtifacts\EcuInstance\HostPC64_GCC\Sab_Cfg_generated.o
                0x0000000000006970                Sab_Call_PreStartUp_Functions
                0x0000000000006976                Sab_Call_PostShutDown_Functions
                0x000000000000697c                Sab_StartModel
                0x0000000000006990                Sab_StopModel
 .text          0x00000000000069a0      0x620 .\BinaryArtifacts\EcuInstance\HostPC64_GCC\Sab.o
                0x00000000000069a0                Sab_CanGetBoardAddress
                0x0000000000006a11                Sab_CanGetChannelAddress
                0x0000000000006a82                Sab_LinGetBoardAddress
                0x0000000000006af3                Sab_LinGetChannelAddress
                0x0000000000006b64                Sab_CreateNotification
                0x0000000000006b77                Sab_StartRelTimeNotification
                0x0000000000006b8a                Sab_CancelNotification
                0x0000000000006b9d                Sab_BreakInfiniteLoop
                0x0000000000006bc0                Sab_GetBaseAddress
                0x0000000000006bd0                Sab_GetTargetAddress
                0x0000000000006be3                Sab_GetResourceLocation
                0x0000000000006bf6                Sab_CanStart
                0x0000000000006c2b                Sab_SetVariablesToInitialValues
                0x0000000000006c8b                Sab_Init
                0x0000000000006cb4                Sab_ApplicationStateExit
                0x0000000000006cba                Sab_ReportIllegalApplicationState
                0x0000000000006cea                Sab_ApplicationStateEntry
                0x0000000000006eb1                Sab_DeInit
                0x0000000000006ed5                Sab_SleepActivity
                0x0000000000006efc                Sab_WakeupActivity
                0x0000000000006f37                Sab_OnSimulationStopped
                0x0000000000006f64                Sab_CheckInitialized
                0x0000000000006f9d                Sab_GetVersionInfo
 .text          0x0000000000006fc0      0x200 .\BinaryArtifacts\EcuInstance\HostPC64_GCC\Sab_MsgApi.o
                0x0000000000007056                Sab_Submit
                0x0000000000007079                Sab_SubmitLog
                0x00000000000070a8                Sab_SubmitInfo
                0x00000000000070d7                Sab_SubmitWarning
                0x0000000000007106                Sab_SubmitError
                0x0000000000007135                Sab_SubmitMsg
 .text          0x00000000000071c0      0x5b0 .\BinaryArtifacts\EcuInstance\HostPC64_GCC\Sab_SwTimer.o
                0x00000000000071c0                Sab_ResetTargetTimer1ns64bit
                0x0000000000007200                Sab_GetTargetTimeSpan1ns64bit
                0x0000000000007268                Sab_ShiftTargetTimer1ns64bit
                0x0000000000007292                Sab_SyncTargetTimer1ns64bit
                0x00000000000072c4                Sab_VpuTriggered
                0x0000000000007386                Sab_EventTriggered
                0x00000000000073d5                Sab_EventFinished
                0x00000000000073ef                Sab_OnOsStarted
                0x000000000000745f                Sab_OnOsShutdown
                0x00000000000074a2                Sab_GetVirtualTime
                0x00000000000074bb                Sab_GetVirtualTimeElapsed
                0x00000000000074f3                Sab_GetVirtualTimeTicksPerSecond
                0x0000000000007506                Sab_GetRealTime
                0x000000000000751f                Sab_GetRealTimeElapsed
                0x0000000000007557                Sab_GetRealTimeTicksPerSecond
                0x000000000000756a                Sab_GetVirtualTimeTicks
                0x0000000000007641                Sab_GetVirtualTimeTicksElapsed
                0x0000000000007672                Sab_GetRealTimeTicks
                0x0000000000007734                Sab_GetRealTimeTicksElapsed
 .text          0x0000000000007770      0x2e0 .\BinaryArtifacts\EcuInstance\HostPC64_GCC\Sab_HwTimer.o
                0x0000000000007770                Sab_ResetTimer1ns64bit
                0x00000000000077be                Sab_GetTimeSpan1ns64bit
                0x0000000000007834                Sab_ShiftTimer1ns64bit
                0x000000000000785e                Sab_SyncTimer1ns64bit
                0x0000000000007890                Sab_BusyWait1ns64bit
                0x00000000000078e3                Sab_ResetTimer100ns32bit
                0x000000000000792f                Sab_GetTimeSpan100ns32bit
                0x000000000000799d                Sab_ShiftTimer100ns32bit
                0x00000000000079c5                Sab_SyncTimer100ns32bit
                0x00000000000079f5                Sab_BusyWait100ns32bit
 .text          0x0000000000007a50      0x1d0 .\BinaryArtifacts\EcuInstance\HostPC64_GCC\Sab_Gpt_Stub.o
                0x0000000000007a50                Sab_Gpt_Init
                0x0000000000007aad                Sab_Gpt_DeInit
                0x0000000000007ab3                Sab_Gpt_GetCurrentHwCounter100ns
                0x0000000000007b61                Sab_Gpt_GetCurrentHwCounter1ns
 .text          0x0000000000007c20       0x90 .\BinaryArtifacts\EcuInstance\HostPC64_GCC\Sab_ResourceFile.o
                0x0000000000007c20                Sab_GetResourceLocationFullPathName
 .text          0x0000000000007cb0       0x10 .\BinaryArtifacts\EcuInstance\HostPC64_GCC\Dap_Cfg_Inports_generated.o
                0x0000000000007cb0                Dap_InitInportSignalBuffers
 .text          0x0000000000007cc0       0x10 .\BinaryArtifacts\EcuInstance\HostPC64_GCC\Dap_Cfg_Outports_generated.o
                0x0000000000007cc0                Dap_InitOutportSignalBuffers
 .text          0x0000000000007cd0      0x290 .\BinaryArtifacts\EcuInstance\HostPC64_GCC\Dap.o
                0x0000000000007cd0                Dap_Init
                0x0000000000007cf0                Dap_DeInit
                0x0000000000007cfd                Dap_GetVersionInfo
                0x0000000000007d1a                DAP_SCALE_ARRAY_boolean
                0x0000000000007da5                Dap_CopyValues_uint8
                0x0000000000007dc5                Dap_CopyValues_sint8
                0x0000000000007de5                Dap_CopyValues_uint16
                0x0000000000007e08                Dap_CopyValues_sint16
                0x0000000000007e2b                Dap_CopyValues_uint32
                0x0000000000007e4f                Dap_CopyValues_uint64
                0x0000000000007e73                Dap_CopyValues_sint32
                0x0000000000007e97                Dap_CopyValues_sint64
                0x0000000000007ebb                Dap_CopyValues_float32
                0x0000000000007edf                Dap_CopyValues_float64
                0x0000000000007f03                Dap_CopyValues_boolean
                0x0000000000007f23                Dap_CheckInitialized
 .text          0x0000000000007f60        0x0 .\BinaryArtifacts\EcuInstance\HostPC64_GCC\SmartServices_Cfg_generated.o
 .text          0x0000000000007f60       0x50 .\BinaryArtifacts\EcuInstance\HostPC64_GCC\SmartServices.o
                0x0000000000007f60                SmartServices_Initialize
 .text          0x0000000000007fb0      0x3c0 .\BinaryArtifacts\EcuInstance\HostPC64_GCC\VEcuAppFrm.o
                0x0000000000007fb0                VEcuAppFrm_Download
                0x0000000000007ffe                VEcuAppFrm_Start
                0x0000000000008013                VEcuAppFrm_Trigger
                0x0000000000008089                VEcuAppFrm_Stop
                0x00000000000080c2                VEcuAppFrm_Reset
                0x00000000000080d5                VEcuAppFrm_HandleIoEvent
                0x00000000000080e0                VEcuAppFrm_HandleAsyncSimEvent
                0x000000000000810b                VEcuAppFrm_ReportError
                0x000000000000824d                VEcuAppFrm_TerminateSimulation
                0x0000000000008266                VEcuAppFrm_OnOsStarted
                0x000000000000827a                VEcuAppFrm_OnOsShutdown
                0x000000000000828e                VEcuAppFrm_OnOsWakeup
                0x00000000000082a2                VEcuAppFrm_CreateNotification
                0x00000000000082b5                VEcuAppFrm_StartRelTimeNotification
                0x00000000000082c8                VEcuAppFrm_CancelNotification
                0x00000000000082db                VEcuAppFrm_NotificationEvent
                0x000000000000831f                VEcuAppFrm_InterruptEvent
 .text          0x0000000000008370      0x380 .\BinaryArtifacts\EcuInstance\HostPC64_GCC\VEcuAppFrm_Exp.o
                0x0000000000008386                VEcuAppFrm_RttSetAsync
                0x00000000000083af                VEcuAppFrm_RttSetSync
                0x00000000000083d8                VEcuAppFrm_TriggerStimulation
                0x00000000000083fa                VEcuAppFrm_ResetStimulation
                0x000000000000841f                VEcuAppFrm_ExpSvcPreTaskCall
                0x00000000000084f8                VEcuAppFrm_ExpSvcPostTaskCall
                0x0000000000008633                VEcuAppFrm_CallBypassingService
                0x0000000000008680                VEcuAppFrm_EnsureInfLoopExperimentation
 .text          0x00000000000086f0      0x240 .\BinaryArtifacts\EcuInstance\HostPC64_GCC\VEcuAppFrm_States.o
                0x000000000000881d                VEcuAppFrm_ChangeState
                0x00000000000088a0                VEcuAppFrm_HandleStartEvent
                0x00000000000088d2                VEcuAppFrm_ModelStateEventBoot
                0x00000000000088d8                VEcuAppFrm_ModelStateEventRun
                0x00000000000088f1                VEcuAppFrm_ModelStateEventTerminate
                0x00000000000088f7                VEcuAppFrm_ModelStateEventOff
                0x0000000000008919                VEcuAppFrm_EcuM_Init
 .text          0x0000000000008930        0x0 .\BinaryArtifacts\EcuInstance\HostPC64_GCC\VEOS_Cfg_generated.o
 .text          0x0000000000008930       0x70 .\BinaryArtifacts\EcuInstance\HostPC64_GCC\VEOS_Api.o
                0x0000000000008930                VEOS_API_Start
                0x000000000000897f                VEOS_API_Stop
                0x000000000000898a                VEOS_API_Download
 .text          0x00000000000089a0       0x10 .\BinaryArtifacts\EcuInstance\HostPC64_GCC\VEOS_BusApi.o
                0x00000000000089a0                VEOS_BusApi_Start
 .text          0x00000000000089b0      0x250 .\BinaryArtifacts\EcuInstance\HostPC64_GCC\VEOS_ExpApi.o
                0x00000000000089b0                VEOS_ExpApi_Download
                0x00000000000089d6                VEOS_ExpApi_Start
                0x00000000000089f5                VEOS_ExpApi_XcpService
                0x0000000000008a83                VEOS_ExpApi_GetRasterService
                0x0000000000008ada                VEOS_ExpApi_CallDaqService
                0x0000000000008b1d                VEOS_ExpApi_CallBypassingService
                0x0000000000008b28                VEOS_ExpApi_CallStimServicePostStep
                0x0000000000008b44                VEOS_ExpApi_CallStimServicePreStep
                0x0000000000008b60                VEOS_ExpApi_StimSvcSyncMode
                0x0000000000008b81                VEOS_ExpApi_StimSvcAsyncMode
                0x0000000000008ba2                VEOS_ExpApi_DsModelAccessRead
                0x0000000000008bce                VEOS_ExpApi_DsModelAccessWrite
 .text          0x0000000000008c00      0x5b0 .\BinaryArtifacts\EcuInstance\HostPC64_GCC\VEOS_SimApi.o
                0x0000000000008c00                VEOS_SimApi_Start
                0x0000000000008c63                VEOS_PauseSimulation
                0x0000000000008cee                VEOS_SimApi_TerminateSimulation
                0x0000000000008d7b                VEOS_SimApi_TerminateSimulationFatal
                0x0000000000008dcc                VEOS_SimApi_DownloadEvent
                0x0000000000008e4a                VEOS_SimApi_StartEvent
                0x0000000000008ec8                VEOS_SimApi_TriggerEvent
                0x0000000000008f46                VEOS_SimApi_StopEvent
                0x0000000000008fc4                VEOS_SimApi_ResetEvent
                0x0000000000009042                VEOS_SimApi_UnloadEvent
                0x00000000000090c0                VEOS_StopSimulation
                0x00000000000090d8                VEOS_SimApi_ReportError
                0x0000000000009126                VEOS_SimApi_SignalApiError
                0x0000000000009158                VEOS_SimApi_CallIoHandler
                0x000000000000916b                VEOS_SimApi_SetCurrentEventStatus
                0x0000000000009182                VEOS_SimApi_ResetCurrentEventStatus
                0x0000000000009196                VEOS_SimApi_GetCurrentEventStatus
 .text          0x00000000000091b0      0x2b0 .\BinaryArtifacts\EcuInstance\HostPC64_GCC\VEOS_NotiApi.o
                0x00000000000091b0                VEOS_NotiApi_Start
                0x00000000000091f7                VEOS_NotiApi_CreateNotification
                0x00000000000092b4                VEOS_NotiApi_StartNotification
                0x0000000000009347                VEOS_NotiApi_CancelNotification
                0x00000000000093d4                VEOS_NotiApi_NotificationEvent
 .text          0x0000000000009460      0x190 .\BinaryArtifacts\EcuInstance\HostPC64_GCC\VEOS_MsgApi.o
                0x0000000000009460                VEOS_MsgApi_Start
                0x0000000000009493                VEOS_MsgApi_ShowMessage
                0x0000000000009527                VEOS_MsgApi_ShowMessageVarArgs
                0x00000000000095c3                VEOS_MsgApi_ShowMessageFormat
 .text          0x00000000000095f0       0x10 .\BinaryArtifacts\EcuInstance\HostPC64_GCC\VEOS_PortApi.o
                0x00000000000095f0                VEOS_PortApi_Start
 .text          0x0000000000009600      0x2e0 .\BinaryArtifacts\EcuInstance\HostPC64_GCC\VEOS_OsTskApi.o
                0x0000000000009600                VEOS_OsTskApi_Start
                0x000000000000965b                VEOS_OsTskApi_CreateThread
                0x0000000000009720                VEOS_OsTskApi_DeleteThread
                0x00000000000097ad                VEOS_OsTskApi_SwitchToThread
                0x000000000000983a                VEOS_OsTskApi_GetCurrentThreadId
 .text          0x00000000000098e0        0x0 .\BinaryArtifacts\EcuInstance\HostPC64_GCC\VEOS_Interaction.o
 .text          0x00000000000098e0      0x410 .\BinaryArtifacts\EcuInstance\HostPC64_GCC\VEOS.o
                0x00000000000098e0                VEOS_ErrorCodeToMessageConverter
 .text          0x0000000000009cf0      0x440 .\BinaryArtifacts\EcuInstance\HostPC64_GCC\VEOS_Impl.o
                0x0000000000009d60                VEOS_BusApiImpl_MessageReceivedEvent
                0x0000000000009d78                VEOS_BusApiImpl_LinHeaderReceivedEvent
                0x0000000000009d90                VEOS_BusApiImpl_ChannelStatusEvent
                0x0000000000009da8                VEOS_SimApiImpl_CallIoHandler
                0x0000000000009db3                VEOS_SimApiImpl_DownloadEvent
                0x0000000000009e32                VEOS_SimApiImpl_StartEvent
                0x0000000000009ed9                VEOS_SimApiImpl_TriggerEvent
                0x0000000000009f1e                VEOS_SimApiImpl_StopEvent
                0x0000000000009f84                VEOS_SimApiImpl_ResetEvent
                0x0000000000009fc6                VEOS_SimApiImpl_UnloadEvent
                0x000000000000a016                VEOS_SimApiImpl_InterruptEvent
                0x000000000000a041                VEOS_EnableInterruptHandlers
                0x000000000000a047                VEOS_DisableInterruptHandlers
                0x000000000000a04d                VEOS_CheckDataType
 .text          0x000000000000a130      0x100 .\BinaryArtifacts\EcuInstance\HostPC64_GCC\DsMsgApi.o
                0x000000000000a130                msg_printf
                0x000000000000a195                msg_error_printf
                0x000000000000a1c3                msg_info_printf
                0x000000000000a1f1                msg_warning_printf
                0x000000000000a21f                msg_default_dialog_set
 .text          0x000000000000a230       0x80 C:/Users/Ase-Lab/Desktop/ASE_LA~1/ASE_LA~1/VECUIM~1/ECUINS~1/Build/ECUINS~1/GeneratedCode/LibraryFiles/ModelInit/ModelInit_HostPC64_GCC_Debug.lib(ModelInit.obj)
                0x000000000000a230                VEOS_MdlInitApiImpl_CheckModel
 .text          0x000000000000a2b0        0x0 C:/Users/Ase-Lab/Desktop/ASE_LA~1/ASE_LA~1/VECUIM~1/ECUINS~1/Build/ECUINS~1/GeneratedCode/LibraryFiles/ModelInit/ModelInit_HostPC64_GCC_Debug.lib(VEOS_FrmRef.obj)
 .text          0x000000000000a2b0      0x2b0 C:/Users/Ase-Lab/Desktop/ASE_LA~1/ASE_LA~1/VECUIM~1/ECUINS~1/Build/ECUINS~1/GeneratedCode/LibraryFiles/ModelInit/EcuIoCore_HostPC64_GCC_Debug.lib(EcuInit.obj)
                0x000000000000a2b0                VEOS_ModelInit_EcuCoreInit
 .text          0x000000000000a560      0x2a0 C:/Users/Ase-Lab/Desktop/ASE_LA~1/ASE_LA~1/VECUIM~1/ECUINS~1/Build/ECUINS~1/GeneratedCode/LibraryFiles/ModelInit/NoCanIoCore_HostPC64_GCC_Debug.lib(NoCanInit.obj)
                0x000000000000a560                VEOS_ModelInit_CanCoreInit
 .text          0x000000000000a800      0x2a0 C:/Users/Ase-Lab/Desktop/ASE_LA~1/ASE_LA~1/VECUIM~1/ECUINS~1/Build/ECUINS~1/GeneratedCode/LibraryFiles/ModelInit/NoLinIoCore_HostPC64_GCC_Debug.lib(NoLinInit.obj)
                0x000000000000a800                VEOS_ModelInit_LinCoreInit
 .text          0x000000000000aaa0      0x2a0 C:/Users/Ase-Lab/Desktop/ASE_LA~1/ASE_LA~1/VECUIM~1/ECUINS~1/Build/ECUINS~1/GeneratedCode/LibraryFiles/ModelInit/NoEthIoCore_HostPC64_GCC_Debug.lib(NoEthInit.obj)
                0x000000000000aaa0                VEOS_ModelInit_EthCoreInit
 .text          0x000000000000ad40       0xd0 C:/PROGRA~1/COMMON~1/dSPACE/GCC/5.2/bin/../lib/gcc/x86_64-w64-mingw32/5.2.0/../../../../x86_64-w64-mingw32/lib/../lib/libmingw32.a(lib64_libmingw32_a-atonexit.o)
                0x000000000000ad40                mingw_onexit
                0x000000000000adf0                atexit
 .text          0x000000000000ae10       0xc0 C:/PROGRA~1/COMMON~1/dSPACE/GCC/5.2/bin/../lib/gcc/x86_64-w64-mingw32/5.2.0/../../../../x86_64-w64-mingw32/lib/../lib/libmingw32.a(lib64_libmingw32_a-gccmain.o)
                0x000000000000ae10                __do_global_dtors
                0x000000000000ae50                __do_global_ctors
                0x000000000000aeb0                __main
 .text          0x000000000000aed0        0x0 C:/PROGRA~1/COMMON~1/dSPACE/GCC/5.2/bin/../lib/gcc/x86_64-w64-mingw32/5.2.0/../../../../x86_64-w64-mingw32/lib/../lib/libmingw32.a(lib64_libmingw32_a-natstart.o)
 .text          0x000000000000aed0      0x1e0 C:/PROGRA~1/COMMON~1/dSPACE/GCC/5.2/bin/../lib/gcc/x86_64-w64-mingw32/5.2.0/../../../../x86_64-w64-mingw32/lib/../lib/libmingw32.a(lib64_libmingw32_a-gs_support.o)
                0x000000000000aed0                __security_init_cookie
                0x000000000000afb0                __report_gsfailure
 .text          0x000000000000b0b0       0xb0 C:/PROGRA~1/COMMON~1/dSPACE/GCC/5.2/bin/../lib/gcc/x86_64-w64-mingw32/5.2.0/../../../../x86_64-w64-mingw32/lib/../lib/libmingw32.a(lib64_libmingw32_a-tlssup.o)
                0x000000000000b0e0                __dyn_tls_init
                0x000000000000b150                __tlregdtor
 .text          0x000000000000b160        0x0 C:/PROGRA~1/COMMON~1/dSPACE/GCC/5.2/bin/../lib/gcc/x86_64-w64-mingw32/5.2.0/../../../../x86_64-w64-mingw32/lib/../lib/libmingw32.a(lib64_libmingw32_a-cinitexe.o)
 .text          0x000000000000b160       0x20 C:/PROGRA~1/COMMON~1/dSPACE/GCC/5.2/bin/../lib/gcc/x86_64-w64-mingw32/5.2.0/../../../../x86_64-w64-mingw32/lib/../lib/libmingw32.a(lib64_libmingw32_a-mingw_helpers.o)
                0x000000000000b160                _decode_pointer
                0x000000000000b170                _encode_pointer
 .text          0x000000000000b180      0x4e0 C:/PROGRA~1/COMMON~1/dSPACE/GCC/5.2/bin/../lib/gcc/x86_64-w64-mingw32/5.2.0/../../../../x86_64-w64-mingw32/lib/../lib/libmingw32.a(lib64_libmingw32_a-pseudo-reloc.o)
                0x000000000000b360                _pei386_runtime_relocator
 .text          0x000000000000b660      0x460 C:/PROGRA~1/COMMON~1/dSPACE/GCC/5.2/bin/../lib/gcc/x86_64-w64-mingw32/5.2.0/../../../../x86_64-w64-mingw32/lib/../lib/libmingw32.a(lib64_libmingw32_a-crt_handler.o)
                0x000000000000b660                __mingw_SEH_error_handler
                0x000000000000b810                __mingw_init_ehandler
                0x000000000000b900                _gnu_exception_handler
 .text          0x000000000000bac0      0x270 C:/PROGRA~1/COMMON~1/dSPACE/GCC/5.2/bin/../lib/gcc/x86_64-w64-mingw32/5.2.0/../../../../x86_64-w64-mingw32/lib/../lib/libmingw32.a(lib64_libmingw32_a-tlsthrd.o)
                0x000000000000bb30                ___w64_mingwthr_add_key_dtor
                0x000000000000bbb0                ___w64_mingwthr_remove_key_dtor
                0x000000000000bc50                __mingw_TLScallback
 .text          0x000000000000bd30        0x0 C:/PROGRA~1/COMMON~1/dSPACE/GCC/5.2/bin/../lib/gcc/x86_64-w64-mingw32/5.2.0/../../../../x86_64-w64-mingw32/lib/../lib/libmingw32.a(lib64_libmingw32_a-tlsmcrt.o)
 .text          0x000000000000bd30        0x0 C:/PROGRA~1/COMMON~1/dSPACE/GCC/5.2/bin/../lib/gcc/x86_64-w64-mingw32/5.2.0/../../../../x86_64-w64-mingw32/lib/../lib/libmingw32.a(lib64_libmingw32_a-pseudo-reloc-list.o)
 .text          0x000000000000bd30      0x3a0 C:/PROGRA~1/COMMON~1/dSPACE/GCC/5.2/bin/../lib/gcc/x86_64-w64-mingw32/5.2.0/../../../../x86_64-w64-mingw32/lib/../lib/libmingw32.a(lib64_libmingw32_a-pesect.o)
                0x000000000000bd50                _ValidateImageBase
                0x000000000000bd70                _FindPESection
                0x000000000000bdc0                _FindPESectionByName
                0x000000000000be60                __mingw_GetSectionForAddress
                0x000000000000beb0                __mingw_GetSectionCount
                0x000000000000bef0                _FindPESectionExec
                0x000000000000bf80                _GetPEImageBase
                0x000000000000bfc0                _IsNonwritableInCurrentImage
                0x000000000000c020                __mingw_enum_import_library_names
 .text          0x000000000000c0d0       0x10 C:/PROGRA~1/COMMON~1/dSPACE/GCC/5.2/bin/../lib/gcc/x86_64-w64-mingw32/5.2.0/../../../../x86_64-w64-mingw32/lib/../lib/libmingw32.a(lib64_libmingw32_a-CRT_fp10.o)
                0x000000000000c0d0                fpreset
                0x000000000000c0d0                _fpreset
 .text          0x000000000000c0e0       0x40 C:/PROGRA~1/COMMON~1/dSPACE/GCC/5.2/bin/../lib/gcc/x86_64-w64-mingw32/5.2.0/libgcc.a(_chkstk_ms.o)
                0x000000000000c0e0                ___chkstk_ms
 .text          0x000000000000c120        0x0 C:/PROGRA~1/COMMON~1/dSPACE/GCC/5.2/bin/../lib/gcc/x86_64-w64-mingw32/5.2.0/libgcc.a(_ctors.o)
 .text          0x000000000000c120       0x10 C:/PROGRA~1/COMMON~1/dSPACE/GCC/5.2/bin/../lib/gcc/x86_64-w64-mingw32/5.2.0/../../../../x86_64-w64-mingw32/lib/../lib/libmingwex.a(lib64_libmingwex_a-dllentry.o)
                0x000000000000c120                DllEntryPoint
 .text          0x000000000000c130       0x10 C:/PROGRA~1/COMMON~1/dSPACE/GCC/5.2/bin/../lib/gcc/x86_64-w64-mingw32/5.2.0/../../../../x86_64-w64-mingw32/lib/../lib/libmingwex.a(lib64_libmingwex_a-dllmain.o)
                0x000000000000c130                DllMain
 .text          0x000000000000c140       0x10 C:/PROGRA~1/COMMON~1/dSPACE/GCC/5.2/bin/../lib/gcc/x86_64-w64-mingw32/5.2.0/../../../../x86_64-w64-mingw32/lib/../lib/libmingwex.a(lib64_libmingwex_a-mingw_getsp.o)
                0x000000000000c140                mingw_getsp
                0x000000000000c146                longjmp
 .text          0x000000000000c150        0x8 C:/PROGRA~1/COMMON~1/dSPACE/GCC/5.2/bin/../lib/gcc/x86_64-w64-mingw32/5.2.0/../../../../x86_64-w64-mingw32/lib/../lib/libmsvcrt.a(dises01239.o)
                0x000000000000c150                vfprintf
 .text          0x000000000000c158        0x8 C:/PROGRA~1/COMMON~1/dSPACE/GCC/5.2/bin/../lib/gcc/x86_64-w64-mingw32/5.2.0/../../../../x86_64-w64-mingw32/lib/../lib/libmsvcrt.a(dises01207.o)
                0x000000000000c158                strncmp
 .text          0x000000000000c160        0x8 C:/PROGRA~1/COMMON~1/dSPACE/GCC/5.2/bin/../lib/gcc/x86_64-w64-mingw32/5.2.0/../../../../x86_64-w64-mingw32/lib/../lib/libmsvcrt.a(dises01204.o)
                0x000000000000c160                strlen
 .text          0x000000000000c168        0x8 C:/PROGRA~1/COMMON~1/dSPACE/GCC/5.2/bin/../lib/gcc/x86_64-w64-mingw32/5.2.0/../../../../x86_64-w64-mingw32/lib/../lib/libmsvcrt.a(dises01183.o)
                0x000000000000c168                signal
 .text          0x000000000000c170        0x8 C:/PROGRA~1/COMMON~1/dSPACE/GCC/5.2/bin/../lib/gcc/x86_64-w64-mingw32/5.2.0/../../../../x86_64-w64-mingw32/lib/../lib/libmsvcrt.a(dises01153.o)
                0x000000000000c170                memcpy
 .text          0x000000000000c178        0x8 C:/PROGRA~1/COMMON~1/dSPACE/GCC/5.2/bin/../lib/gcc/x86_64-w64-mingw32/5.2.0/../../../../x86_64-w64-mingw32/lib/../lib/libmsvcrt.a(dises01145.o)
                0x000000000000c178                malloc
 .text          0x000000000000c180        0x0 C:/PROGRA~1/COMMON~1/dSPACE/GCC/5.2/bin/../lib/gcc/x86_64-w64-mingw32/5.2.0/../../../../x86_64-w64-mingw32/lib/../lib/libmsvcrt.a(dises01144.o)
 .text          0x000000000000c180        0x8 C:/PROGRA~1/COMMON~1/dSPACE/GCC/5.2/bin/../lib/gcc/x86_64-w64-mingw32/5.2.0/../../../../x86_64-w64-mingw32/lib/../lib/libmsvcrt.a(dises01097.o)
                0x000000000000c180                fwrite
 .text          0x000000000000c188        0x8 C:/PROGRA~1/COMMON~1/dSPACE/GCC/5.2/bin/../lib/gcc/x86_64-w64-mingw32/5.2.0/../../../../x86_64-w64-mingw32/lib/../lib/libmsvcrt.a(dises01086.o)
                0x000000000000c188                free
 .text          0x000000000000c190        0x8 C:/PROGRA~1/COMMON~1/dSPACE/GCC/5.2/bin/../lib/gcc/x86_64-w64-mingw32/5.2.0/../../../../x86_64-w64-mingw32/lib/../lib/libmsvcrt.a(dises01047.o)
                0x000000000000c190                calloc
 .text          0x000000000000c198        0x8 C:/PROGRA~1/COMMON~1/dSPACE/GCC/5.2/bin/../lib/gcc/x86_64-w64-mingw32/5.2.0/../../../../x86_64-w64-mingw32/lib/../lib/libmsvcrt.a(dises01030.o)
                0x000000000000c198                abort
 .text          0x000000000000c1a0        0x8 C:/PROGRA~1/COMMON~1/dSPACE/GCC/5.2/bin/../lib/gcc/x86_64-w64-mingw32/5.2.0/../../../../x86_64-w64-mingw32/lib/../lib/libmsvcrt.a(dises00983.o)
                0x000000000000c1a0                write
 .text          0x000000000000c1a8        0x8 C:/PROGRA~1/COMMON~1/dSPACE/GCC/5.2/bin/../lib/gcc/x86_64-w64-mingw32/5.2.0/../../../../x86_64-w64-mingw32/lib/../lib/libmsvcrt.a(dises00819.o)
                0x000000000000c1a8                _unlock
 .text          0x000000000000c1b0        0x8 C:/PROGRA~1/COMMON~1/dSPACE/GCC/5.2/bin/../lib/gcc/x86_64-w64-mingw32/5.2.0/../../../../x86_64-w64-mingw32/lib/../lib/libmsvcrt.a(dises00667.o)
                0x000000000000c1b0                _setjmp
 .text          0x000000000000c1b8        0x8 C:/PROGRA~1/COMMON~1/dSPACE/GCC/5.2/bin/../lib/gcc/x86_64-w64-mingw32/5.2.0/../../../../x86_64-w64-mingw32/lib/../lib/libmsvcrt.a(dises00640.o)
                0x000000000000c1b8                read
 .text          0x000000000000c1c0        0x8 C:/PROGRA~1/COMMON~1/dSPACE/GCC/5.2/bin/../lib/gcc/x86_64-w64-mingw32/5.2.0/../../../../x86_64-w64-mingw32/lib/../lib/libmsvcrt.a(dises00615.o)
                0x000000000000c1c0                open
 .text          0x000000000000c1c8        0x8 C:/PROGRA~1/COMMON~1/dSPACE/GCC/5.2/bin/../lib/gcc/x86_64-w64-mingw32/5.2.0/../../../../x86_64-w64-mingw32/lib/../lib/libmsvcrt.a(dises00611.o)
                0x000000000000c1c8                _onexit
 .text          0x000000000000c1d0        0x8 C:/PROGRA~1/COMMON~1/dSPACE/GCC/5.2/bin/../lib/gcc/x86_64-w64-mingw32/5.2.0/../../../../x86_64-w64-mingw32/lib/../lib/libmsvcrt.a(dises00439.o)
                0x000000000000c1d0                _lock
 .text          0x000000000000c1d8        0x8 C:/PROGRA~1/COMMON~1/dSPACE/GCC/5.2/bin/../lib/gcc/x86_64-w64-mingw32/5.2.0/../../../../x86_64-w64-mingw32/lib/../lib/libmsvcrt.a(dises00330.o)
                0x000000000000c1d8                _initterm
 .text          0x000000000000c1e0        0x8 C:/PROGRA~1/COMMON~1/dSPACE/GCC/5.2/bin/../lib/gcc/x86_64-w64-mingw32/5.2.0/../../../../x86_64-w64-mingw32/lib/../lib/libmsvcrt.a(dises00289.o)
                0x000000000000c1e0                _get_osfhandle
 .text          0x000000000000c1e8        0x8 C:/PROGRA~1/COMMON~1/dSPACE/GCC/5.2/bin/../lib/gcc/x86_64-w64-mingw32/5.2.0/../../../../x86_64-w64-mingw32/lib/../lib/libmsvcrt.a(dises00122.o)
                0x000000000000c1e8                _amsg_exit
 .text          0x000000000000c1f0        0x8 C:/PROGRA~1/COMMON~1/dSPACE/GCC/5.2/bin/../lib/gcc/x86_64-w64-mingw32/5.2.0/../../../../x86_64-w64-mingw32/lib/../lib/libmsvcrt.a(dises00083.o)
                0x000000000000c1f0                __iob_func
 .text          0x000000000000c1f8        0x8 C:/PROGRA~1/COMMON~1/dSPACE/GCC/5.2/bin/../lib/gcc/x86_64-w64-mingw32/5.2.0/../../../../x86_64-w64-mingw32/lib/../lib/libmsvcrt.a(dises00078.o)
                0x000000000000c1f8                __dllonexit
 .text          0x000000000000c200        0x0 C:/PROGRA~1/COMMON~1/dSPACE/GCC/5.2/bin/../lib/gcc/x86_64-w64-mingw32/5.2.0/../../../../x86_64-w64-mingw32/lib/../lib/libmsvcrt.a(diseh.o)
 .text          0x000000000000c200        0x0 C:/PROGRA~1/COMMON~1/dSPACE/GCC/5.2/bin/../lib/gcc/x86_64-w64-mingw32/5.2.0/../../../../x86_64-w64-mingw32/lib/../lib/libmsvcrt.a(diset.o)
 .text          0x000000000000c200        0x8 C:/PROGRA~1/COMMON~1/dSPACE/GCC/5.2/bin/../lib/gcc/x86_64-w64-mingw32/5.2.0/../../../../x86_64-w64-mingw32/lib/../lib/libkernel32.a(dgvcs01298.o)
                0x000000000000c200                WideCharToMultiByte
 .text          0x000000000000c208        0x8 C:/PROGRA~1/COMMON~1/dSPACE/GCC/5.2/bin/../lib/gcc/x86_64-w64-mingw32/5.2.0/../../../../x86_64-w64-mingw32/lib/../lib/libkernel32.a(dgvcs01266.o)
                0x000000000000c208                VirtualQuery
 .text          0x000000000000c210        0x8 C:/PROGRA~1/COMMON~1/dSPACE/GCC/5.2/bin/../lib/gcc/x86_64-w64-mingw32/5.2.0/../../../../x86_64-w64-mingw32/lib/../lib/libkernel32.a(dgvcs01264.o)
                0x000000000000c210                VirtualProtect
 .text          0x000000000000c218        0x8 C:/PROGRA~1/COMMON~1/dSPACE/GCC/5.2/bin/../lib/gcc/x86_64-w64-mingw32/5.2.0/../../../../x86_64-w64-mingw32/lib/../lib/libkernel32.a(dgvcs01234.o)
                0x000000000000c218                UnhandledExceptionFilter
 .text          0x000000000000c220        0x8 C:/PROGRA~1/COMMON~1/dSPACE/GCC/5.2/bin/../lib/gcc/x86_64-w64-mingw32/5.2.0/../../../../x86_64-w64-mingw32/lib/../lib/libkernel32.a(dgvcs01221.o)
                0x000000000000c220                TlsGetValue
 .text          0x000000000000c228        0x8 C:/PROGRA~1/COMMON~1/dSPACE/GCC/5.2/bin/../lib/gcc/x86_64-w64-mingw32/5.2.0/../../../../x86_64-w64-mingw32/lib/../lib/libkernel32.a(dgvcs01214.o)
                0x000000000000c228                TerminateProcess
 .text          0x000000000000c230        0x8 C:/PROGRA~1/COMMON~1/dSPACE/GCC/5.2/bin/../lib/gcc/x86_64-w64-mingw32/5.2.0/../../../../x86_64-w64-mingw32/lib/../lib/libkernel32.a(dgvcs01200.o)
                0x000000000000c230                Sleep
 .text          0x000000000000c238        0x8 C:/PROGRA~1/COMMON~1/dSPACE/GCC/5.2/bin/../lib/gcc/x86_64-w64-mingw32/5.2.0/../../../../x86_64-w64-mingw32/lib/../lib/libkernel32.a(dgvcs01187.o)
                0x000000000000c238                SetUnhandledExceptionFilter
 .text          0x000000000000c240        0x8 C:/PROGRA~1/COMMON~1/dSPACE/GCC/5.2/bin/../lib/gcc/x86_64-w64-mingw32/5.2.0/../../../../x86_64-w64-mingw32/lib/../lib/libkernel32.a(dgvcs01145.o)
                0x000000000000c240                SetNamedPipeHandleState
 .text          0x000000000000c248        0x8 C:/PROGRA~1/COMMON~1/dSPACE/GCC/5.2/bin/../lib/gcc/x86_64-w64-mingw32/5.2.0/../../../../x86_64-w64-mingw32/lib/../lib/libkernel32.a(dgvcs01044.o)
                0x000000000000c248                RtlVirtualUnwind
 .text          0x000000000000c250        0x8 C:/PROGRA~1/COMMON~1/dSPACE/GCC/5.2/bin/../lib/gcc/x86_64-w64-mingw32/5.2.0/../../../../x86_64-w64-mingw32/lib/../lib/libkernel32.a(dgvcs01037.o)
                0x000000000000c250                RtlLookupFunctionEntry
 .text          0x000000000000c258        0x8 C:/PROGRA~1/COMMON~1/dSPACE/GCC/5.2/bin/../lib/gcc/x86_64-w64-mingw32/5.2.0/../../../../x86_64-w64-mingw32/lib/../lib/libkernel32.a(dgvcs01030.o)
                0x000000000000c258                RtlCaptureContext
 .text          0x000000000000c260        0x8 C:/PROGRA~1/COMMON~1/dSPACE/GCC/5.2/bin/../lib/gcc/x86_64-w64-mingw32/5.2.0/../../../../x86_64-w64-mingw32/lib/../lib/libkernel32.a(dgvcs01029.o)
                0x000000000000c260                RtlAddFunctionTable
 .text          0x000000000000c268        0x8 C:/PROGRA~1/COMMON~1/dSPACE/GCC/5.2/bin/../lib/gcc/x86_64-w64-mingw32/5.2.0/../../../../x86_64-w64-mingw32/lib/../lib/libkernel32.a(dgvcs00959.o)
                0x000000000000c268                QueryPerformanceFrequency
 .text          0x000000000000c270        0x8 C:/PROGRA~1/COMMON~1/dSPACE/GCC/5.2/bin/../lib/gcc/x86_64-w64-mingw32/5.2.0/../../../../x86_64-w64-mingw32/lib/../lib/libkernel32.a(dgvcs00958.o)
                0x000000000000c270                QueryPerformanceCounter
 .text          0x000000000000c278        0x8 C:/PROGRA~1/COMMON~1/dSPACE/GCC/5.2/bin/../lib/gcc/x86_64-w64-mingw32/5.2.0/../../../../x86_64-w64-mingw32/lib/../lib/libkernel32.a(dgvcs00844.o)
                0x000000000000c278                LeaveCriticalSection
 .text          0x000000000000c280        0x8 C:/PROGRA~1/COMMON~1/dSPACE/GCC/5.2/bin/../lib/gcc/x86_64-w64-mingw32/5.2.0/../../../../x86_64-w64-mingw32/lib/../lib/libkernel32.a(dgvcs00762.o)
                0x000000000000c280                InitializeCriticalSection
 .text          0x000000000000c288        0x8 C:/PROGRA~1/COMMON~1/dSPACE/GCC/5.2/bin/../lib/gcc/x86_64-w64-mingw32/5.2.0/../../../../x86_64-w64-mingw32/lib/../lib/libkernel32.a(dgvcs00678.o)
                0x000000000000c288                GetTickCount
 .text          0x000000000000c290        0x8 C:/PROGRA~1/COMMON~1/dSPACE/GCC/5.2/bin/../lib/gcc/x86_64-w64-mingw32/5.2.0/../../../../x86_64-w64-mingw32/lib/../lib/libkernel32.a(dgvcs00651.o)
                0x000000000000c290                GetSystemTimeAsFileTime
 .text          0x000000000000c298        0x8 C:/PROGRA~1/COMMON~1/dSPACE/GCC/5.2/bin/../lib/gcc/x86_64-w64-mingw32/5.2.0/../../../../x86_64-w64-mingw32/lib/../lib/libkernel32.a(dgvcs00599.o)
                0x000000000000c298                GetProcAddress
 .text          0x000000000000c2a0        0x8 C:/PROGRA~1/COMMON~1/dSPACE/GCC/5.2/bin/../lib/gcc/x86_64-w64-mingw32/5.2.0/../../../../x86_64-w64-mingw32/lib/../lib/libkernel32.a(dgvcs00549.o)
                0x000000000000c2a0                GetModuleHandleA
 .text          0x000000000000c2a8        0x8 C:/PROGRA~1/COMMON~1/dSPACE/GCC/5.2/bin/../lib/gcc/x86_64-w64-mingw32/5.2.0/../../../../x86_64-w64-mingw32/lib/../lib/libkernel32.a(dgvcs00529.o)
                0x000000000000c2a8                GetLastError
 .text          0x000000000000c2b0        0x8 C:/PROGRA~1/COMMON~1/dSPACE/GCC/5.2/bin/../lib/gcc/x86_64-w64-mingw32/5.2.0/../../../../x86_64-w64-mingw32/lib/../lib/libkernel32.a(dgvcs00467.o)
                0x000000000000c2b0                GetCurrentThreadId
 .text          0x000000000000c2b8        0x8 C:/PROGRA~1/COMMON~1/dSPACE/GCC/5.2/bin/../lib/gcc/x86_64-w64-mingw32/5.2.0/../../../../x86_64-w64-mingw32/lib/../lib/libkernel32.a(dgvcs00463.o)
                0x000000000000c2b8                GetCurrentProcessId
 .text          0x000000000000c2c0        0x8 C:/PROGRA~1/COMMON~1/dSPACE/GCC/5.2/bin/../lib/gcc/x86_64-w64-mingw32/5.2.0/../../../../x86_64-w64-mingw32/lib/../lib/libkernel32.a(dgvcs00462.o)
                0x000000000000c2c0                GetCurrentProcess
 .text          0x000000000000c2c8        0x8 C:/PROGRA~1/COMMON~1/dSPACE/GCC/5.2/bin/../lib/gcc/x86_64-w64-mingw32/5.2.0/../../../../x86_64-w64-mingw32/lib/../lib/libkernel32.a(dgvcs00461.o)
                0x000000000000c2c8                GetCurrentDirectoryW
 .text          0x000000000000c2d0        0x8 C:/PROGRA~1/COMMON~1/dSPACE/GCC/5.2/bin/../lib/gcc/x86_64-w64-mingw32/5.2.0/../../../../x86_64-w64-mingw32/lib/../lib/libkernel32.a(dgvcs00249.o)
                0x000000000000c2d0                EnterCriticalSection
 .text          0x000000000000c2d8        0x8 C:/PROGRA~1/COMMON~1/dSPACE/GCC/5.2/bin/../lib/gcc/x86_64-w64-mingw32/5.2.0/../../../../x86_64-w64-mingw32/lib/../lib/libkernel32.a(dgvcs00216.o)
                0x000000000000c2d8                DeleteCriticalSection
 .text          0x000000000000c2e0        0x0 C:/PROGRA~1/COMMON~1/dSPACE/GCC/5.2/bin/../lib/gcc/x86_64-w64-mingw32/5.2.0/../../../../x86_64-w64-mingw32/lib/../lib/libkernel32.a(dgvch.o)
 .text          0x000000000000c2e0        0x0 C:/PROGRA~1/COMMON~1/dSPACE/GCC/5.2/bin/../lib/gcc/x86_64-w64-mingw32/5.2.0/../../../../x86_64-w64-mingw32/lib/../lib/libkernel32.a(dgvct.o)
 .text          0x000000000000c2e0        0x0 C:/PROGRA~1/COMMON~1/dSPACE/GCC/5.2/bin/../lib/gcc/x86_64-w64-mingw32/5.2.0/crtend.o
 *(SORT(.text$*))
 *(.text.*)
 .text.unlikely
                0x000000000000c2e0        0x0 C:/PROGRA~1/COMMON~1/dSPACE/GCC/5.2/bin/../lib/gcc/x86_64-w64-mingw32/5.2.0/../../../../x86_64-w64-mingw32/lib/../lib/dllcrt2.o
 .text.unlikely
                0x000000000000c2e0        0x0 C:/PROGRA~1/COMMON~1/dSPACE/GCC/5.2/bin/../lib/gcc/x86_64-w64-mingw32/5.2.0/crtbegin.o
 .text.unlikely
                0x000000000000c2e0        0x0 C:/PROGRA~1/COMMON~1/dSPACE/GCC/5.2/bin/../lib/gcc/x86_64-w64-mingw32/5.2.0/../../../../x86_64-w64-mingw32/lib/../lib/libmingw32.a(lib64_libmingw32_a-atonexit.o)
 .text.unlikely
                0x000000000000c2e0        0x0 C:/PROGRA~1/COMMON~1/dSPACE/GCC/5.2/bin/../lib/gcc/x86_64-w64-mingw32/5.2.0/../../../../x86_64-w64-mingw32/lib/../lib/libmingw32.a(lib64_libmingw32_a-gccmain.o)
 .text.unlikely
                0x000000000000c2e0        0x0 C:/PROGRA~1/COMMON~1/dSPACE/GCC/5.2/bin/../lib/gcc/x86_64-w64-mingw32/5.2.0/../../../../x86_64-w64-mingw32/lib/../lib/libmingw32.a(lib64_libmingw32_a-gs_support.o)
 .text.unlikely
                0x000000000000c2e0        0x0 C:/PROGRA~1/COMMON~1/dSPACE/GCC/5.2/bin/../lib/gcc/x86_64-w64-mingw32/5.2.0/../../../../x86_64-w64-mingw32/lib/../lib/libmingw32.a(lib64_libmingw32_a-tlssup.o)
 .text.unlikely
                0x000000000000c2e0        0x0 C:/PROGRA~1/COMMON~1/dSPACE/GCC/5.2/bin/../lib/gcc/x86_64-w64-mingw32/5.2.0/../../../../x86_64-w64-mingw32/lib/../lib/libmingw32.a(lib64_libmingw32_a-mingw_helpers.o)
 .text.unlikely
                0x000000000000c2e0        0x0 C:/PROGRA~1/COMMON~1/dSPACE/GCC/5.2/bin/../lib/gcc/x86_64-w64-mingw32/5.2.0/../../../../x86_64-w64-mingw32/lib/../lib/libmingw32.a(lib64_libmingw32_a-pseudo-reloc.o)
 .text.unlikely
                0x000000000000c2e0        0x0 C:/PROGRA~1/COMMON~1/dSPACE/GCC/5.2/bin/../lib/gcc/x86_64-w64-mingw32/5.2.0/../../../../x86_64-w64-mingw32/lib/../lib/libmingw32.a(lib64_libmingw32_a-crt_handler.o)
 .text.unlikely
                0x000000000000c2e0        0x0 C:/PROGRA~1/COMMON~1/dSPACE/GCC/5.2/bin/../lib/gcc/x86_64-w64-mingw32/5.2.0/../../../../x86_64-w64-mingw32/lib/../lib/libmingw32.a(lib64_libmingw32_a-tlsthrd.o)
 .text.unlikely
                0x000000000000c2e0        0x0 C:/PROGRA~1/COMMON~1/dSPACE/GCC/5.2/bin/../lib/gcc/x86_64-w64-mingw32/5.2.0/../../../../x86_64-w64-mingw32/lib/../lib/libmingw32.a(lib64_libmingw32_a-pesect.o)
 .text.unlikely
                0x000000000000c2e0        0x0 C:/PROGRA~1/COMMON~1/dSPACE/GCC/5.2/bin/../lib/gcc/x86_64-w64-mingw32/5.2.0/../../../../x86_64-w64-mingw32/lib/../lib/libmingw32.a(lib64_libmingw32_a-CRT_fp10.o)
 .text.unlikely
                0x000000000000c2e0        0x0 C:/PROGRA~1/COMMON~1/dSPACE/GCC/5.2/bin/../lib/gcc/x86_64-w64-mingw32/5.2.0/../../../../x86_64-w64-mingw32/lib/../lib/libmingwex.a(lib64_libmingwex_a-dllentry.o)
 .text.unlikely
                0x000000000000c2e0        0x0 C:/PROGRA~1/COMMON~1/dSPACE/GCC/5.2/bin/../lib/gcc/x86_64-w64-mingw32/5.2.0/../../../../x86_64-w64-mingw32/lib/../lib/libmingwex.a(lib64_libmingwex_a-dllmain.o)
 .text.unlikely
                0x000000000000c2e0        0x0 C:/PROGRA~1/COMMON~1/dSPACE/GCC/5.2/bin/../lib/gcc/x86_64-w64-mingw32/5.2.0/crtend.o
 .text.startup  0x000000000000c2e0       0x10 C:/PROGRA~1/COMMON~1/dSPACE/GCC/5.2/bin/../lib/gcc/x86_64-w64-mingw32/5.2.0/crtend.o
 *(.gnu.linkonce.t.*)
 *(.glue_7t)
 *(.glue_7)
                0x000000000000c2f0                . = ALIGN (0x8)
                0x000000000000c2f0                ___CTOR_LIST__ = .
                0x000000000000c2f0                __CTOR_LIST__ = .
                0x000000000000c2f0        0x4 LONG 0xffffffffffffffff
                0x000000000000c2f4        0x4 LONG 0xffffffffffffffff
 *(.ctors)
 *(.ctor)
 *(SORT(.ctors.*))
 .ctors.65535   0x000000000000c2f8        0x8 C:/PROGRA~1/COMMON~1/dSPACE/GCC/5.2/bin/../lib/gcc/x86_64-w64-mingw32/5.2.0/crtend.o
                0x000000000000c300        0x4 LONG 0x0
                0x000000000000c304        0x4 LONG 0x0
                0x000000000000c308                ___DTOR_LIST__ = .
                0x000000000000c308                __DTOR_LIST__ = .
                0x000000000000c308        0x4 LONG 0xffffffffffffffff
                0x000000000000c30c        0x4 LONG 0xffffffffffffffff
 *(.dtors)
 *(.dtor)
 *(SORT(.dtors.*))
                0x000000000000c310        0x4 LONG 0x0
                0x000000000000c314        0x4 LONG 0x0
 *(.fini)
 *(.gcc_exc)
                0x000000000000c318                PROVIDE (etext, .)
 *(.gcc_except_table)

.data           0x000000000000d000      0xa00
                0x000000000000d000                __data_start__ = .
 *(.data)
 .data          0x000000000000d000        0x0 C:/PROGRA~1/COMMON~1/dSPACE/GCC/5.2/bin/../lib/gcc/x86_64-w64-mingw32/5.2.0/../../../../x86_64-w64-mingw32/lib/../lib/dllcrt2.o
 .data          0x000000000000d000        0x0 C:/PROGRA~1/COMMON~1/dSPACE/GCC/5.2/bin/../lib/gcc/x86_64-w64-mingw32/5.2.0/crtbegin.o
 .data          0x000000000000d000        0x0 .\BinaryArtifacts\EcuInstance\HostPC64_GCC\SchM.o
 .data          0x000000000000d000        0x0 .\BinaryArtifacts\EcuInstance\HostPC64_GCC\Rte.o
 .data          0x000000000000d000       0x10 .\BinaryArtifacts\EcuInstance\HostPC64_GCC\EcuM_States.o
                0x000000000000d000                EcuM_UseMinimumMode
 .data          0x000000000000d010       0x20 .\BinaryArtifacts\EcuInstance\HostPC64_GCC\EcuM.o
                0x000000000000d010                EcuM_InitListZero
                0x000000000000d020                EcuM_CurrentState
                0x000000000000d021                EcuM_LastShutdownTarget
                0x000000000000d023                EcuM_ShutdownTarget
 .data          0x000000000000d030        0x0 .\BinaryArtifacts\EcuInstance\HostPC64_GCC\EcuM_Callout.o
 .data          0x000000000000d030       0x10 .\BinaryArtifacts\EcuInstance\HostPC64_GCC\EcuM_PBcfg.o
                0x000000000000d030                EcuM_SleepModePBConfig
 .data          0x000000000000d040       0x10 .\BinaryArtifacts\EcuInstance\HostPC64_GCC\ReadFromSim.o
 .data          0x000000000000d050        0x0 .\BinaryArtifacts\EcuInstance\HostPC64_GCC\AdjustSpeed.o
 .data          0x000000000000d050       0x10 .\BinaryArtifacts\EcuInstance\HostPC64_GCC\SpeedControl.o
 .data          0x000000000000d060        0x0 .\BinaryArtifacts\EcuInstance\HostPC64_GCC\EmergencyBrake.o
 .data          0x000000000000d060       0x10 .\BinaryArtifacts\EcuInstance\HostPC64_GCC\WriteToSim.o
 *fill*         0x000000000000d070       0x10 
 .data          0x000000000000d080      0x360 .\BinaryArtifacts\EcuInstance\HostPC64_GCC\Os_Frm_generated.o
                0x000000000000d080                g_CtrCb
                0x000000000000d0a8                g_IsrCb
                0x000000000000d0b0                g_ResCb
                0x000000000000d0e0                g_AlarmCb
                0x000000000000d160                g_TaskCb
                0x000000000000d3c0                g_TaskPriorities
 .data          0x000000000000d3e0       0x10 .\BinaryArtifacts\EcuInstance\HostPC64_GCC\Os.o
 .data          0x000000000000d3f0        0x0 .\BinaryArtifacts\EcuInstance\HostPC64_GCC\Os_ErrorHandler.o
 .data          0x000000000000d3f0        0x0 .\BinaryArtifacts\EcuInstance\HostPC64_GCC\Os_Alarm.o
 .data          0x000000000000d3f0        0x0 .\BinaryArtifacts\EcuInstance\HostPC64_GCC\Os_Event.o
 .data          0x000000000000d3f0        0x0 .\BinaryArtifacts\EcuInstance\HostPC64_GCC\Os_ResInt.o
 .data          0x000000000000d3f0        0x0 .\BinaryArtifacts\EcuInstance\HostPC64_GCC\Os_Task.o
 .data          0x000000000000d3f0        0x0 .\BinaryArtifacts\EcuInstance\HostPC64_GCC\Os_SchedTbl.o
 .data          0x000000000000d3f0        0x0 .\BinaryArtifacts\EcuInstance\HostPC64_GCC\Os_Counter.o
 *fill*         0x000000000000d3f0       0x10 
 .data          0x000000000000d400       0x40 .\BinaryArtifacts\EcuInstance\HostPC64_GCC\Os_Kernel.o
                0x000000000000d400                g_Kernel
 .data          0x000000000000d440        0x0 .\BinaryArtifacts\EcuInstance\HostPC64_GCC\Os_Stubs.o
 .data          0x000000000000d440        0x0 .\BinaryArtifacts\EcuInstance\HostPC64_GCC\Os_SimulationCore.o
 .data          0x000000000000d440        0x0 .\BinaryArtifacts\EcuInstance\HostPC64_GCC\Os_EcuCore.o
 .data          0x000000000000d440        0x0 .\BinaryArtifacts\EcuInstance\HostPC64_GCC\Os_Application.o
 .data          0x000000000000d440        0x0 .\BinaryArtifacts\EcuInstance\HostPC64_GCC\Os_Spinlock.o
 .data          0x000000000000d440        0x0 .\BinaryArtifacts\EcuInstance\HostPC64_GCC\Os_Native.o
 .data          0x000000000000d440        0x0 .\BinaryArtifacts\EcuInstance\HostPC64_GCC\Os_TaskHandlingViaCallbacks.o
 .data          0x000000000000d440        0x0 .\BinaryArtifacts\EcuInstance\HostPC64_GCC\Sab_Cfg_generated.o
 .data          0x000000000000d440        0x0 .\BinaryArtifacts\EcuInstance\HostPC64_GCC\Sab.o
 .data          0x000000000000d440        0x0 .\BinaryArtifacts\EcuInstance\HostPC64_GCC\Sab_MsgApi.o
 .data          0x000000000000d440       0x10 .\BinaryArtifacts\EcuInstance\HostPC64_GCC\Sab_SwTimer.o
 .data          0x000000000000d450        0x0 .\BinaryArtifacts\EcuInstance\HostPC64_GCC\Sab_HwTimer.o
 .data          0x000000000000d450        0x0 .\BinaryArtifacts\EcuInstance\HostPC64_GCC\Sab_Gpt_Stub.o
 .data          0x000000000000d450        0x0 .\BinaryArtifacts\EcuInstance\HostPC64_GCC\Sab_ResourceFile.o
 .data          0x000000000000d450        0x0 .\BinaryArtifacts\EcuInstance\HostPC64_GCC\Dap_Cfg_Inports_generated.o
 .data          0x000000000000d450        0x0 .\BinaryArtifacts\EcuInstance\HostPC64_GCC\Dap_Cfg_Outports_generated.o
 .data          0x000000000000d450        0x0 .\BinaryArtifacts\EcuInstance\HostPC64_GCC\Dap.o
 .data          0x000000000000d450       0x20 .\BinaryArtifacts\EcuInstance\HostPC64_GCC\SmartServices_Cfg_generated.o
                0x000000000000d450                XilApiEesPortErrorSwitching
                0x000000000000d458                XilApiEesPortErrorActivated
                0x000000000000d460                XilApiEesPortActiveErrorSet
 .data          0x000000000000d470       0x10 .\BinaryArtifacts\EcuInstance\HostPC64_GCC\SmartServices.o
                0x000000000000d470                g_SmartServices_DsModelAccessEnabled
 .data          0x000000000000d480        0x0 .\BinaryArtifacts\EcuInstance\HostPC64_GCC\VEcuAppFrm.o
 .data          0x000000000000d480        0x0 .\BinaryArtifacts\EcuInstance\HostPC64_GCC\VEcuAppFrm_Exp.o
 .data          0x000000000000d480      0x180 .\BinaryArtifacts\EcuInstance\HostPC64_GCC\VEcuAppFrm_States.o
 .data          0x000000000000d600        0x0 .\BinaryArtifacts\EcuInstance\HostPC64_GCC\VEOS_Cfg_generated.o
 .data          0x000000000000d600        0x0 .\BinaryArtifacts\EcuInstance\HostPC64_GCC\VEOS_Api.o
 .data          0x000000000000d600        0x0 .\BinaryArtifacts\EcuInstance\HostPC64_GCC\VEOS_BusApi.o
 .data          0x000000000000d600       0x20 .\BinaryArtifacts\EcuInstance\HostPC64_GCC\VEOS_ExpApi.o
                0x000000000000d600                ga_VEOS_ExpApi_Rasters
 .data          0x000000000000d620        0x0 .\BinaryArtifacts\EcuInstance\HostPC64_GCC\VEOS_SimApi.o
 .data          0x000000000000d620        0x0 .\BinaryArtifacts\EcuInstance\HostPC64_GCC\VEOS_NotiApi.o
 .data          0x000000000000d620        0x0 .\BinaryArtifacts\EcuInstance\HostPC64_GCC\VEOS_MsgApi.o
 .data          0x000000000000d620        0x0 .\BinaryArtifacts\EcuInstance\HostPC64_GCC\VEOS_PortApi.o
 .data          0x000000000000d620        0x0 .\BinaryArtifacts\EcuInstance\HostPC64_GCC\VEOS_OsTskApi.o
 .data          0x000000000000d620        0x0 .\BinaryArtifacts\EcuInstance\HostPC64_GCC\VEOS_Interaction.o
 .data          0x000000000000d620       0x10 .\BinaryArtifacts\EcuInstance\HostPC64_GCC\VEOS.o
                0x000000000000d620                ga_VEOS_ModelHash
 .data          0x000000000000d630       0x10 .\BinaryArtifacts\EcuInstance\HostPC64_GCC\VEOS_Impl.o
 .data          0x000000000000d640        0x0 .\BinaryArtifacts\EcuInstance\HostPC64_GCC\DsMsgApi.o
 .data          0x000000000000d640        0x0 C:/Users/Ase-Lab/Desktop/ASE_LA~1/ASE_LA~1/VECUIM~1/ECUINS~1/Build/ECUINS~1/GeneratedCode/LibraryFiles/ModelInit/ModelInit_HostPC64_GCC_Debug.lib(ModelInit.obj)
 .data          0x000000000000d640        0x0 C:/Users/Ase-Lab/Desktop/ASE_LA~1/ASE_LA~1/VECUIM~1/ECUINS~1/Build/ECUINS~1/GeneratedCode/LibraryFiles/ModelInit/ModelInit_HostPC64_GCC_Debug.lib(VEOS_FrmRef.obj)
 .data          0x000000000000d640        0x0 C:/Users/Ase-Lab/Desktop/ASE_LA~1/ASE_LA~1/VECUIM~1/ECUINS~1/Build/ECUINS~1/GeneratedCode/LibraryFiles/ModelInit/EcuIoCore_HostPC64_GCC_Debug.lib(EcuInit.obj)
 .data          0x000000000000d640       0xe0 C:/Users/Ase-Lab/Desktop/ASE_LA~1/ASE_LA~1/VECUIM~1/ECUINS~1/Build/ECUINS~1/GeneratedCode/LibraryFiles/ModelInit/NoCanIoCore_HostPC64_GCC_Debug.lib(NoCanInit.obj)
                0x000000000000d640                g_VEOS_ModelInit_Can
 .data          0x000000000000d720       0xe0 C:/Users/Ase-Lab/Desktop/ASE_LA~1/ASE_LA~1/VECUIM~1/ECUINS~1/Build/ECUINS~1/GeneratedCode/LibraryFiles/ModelInit/NoLinIoCore_HostPC64_GCC_Debug.lib(NoLinInit.obj)
                0x000000000000d720                g_VEOS_ModelInit_Lin
 .data          0x000000000000d800       0xe0 C:/Users/Ase-Lab/Desktop/ASE_LA~1/ASE_LA~1/VECUIM~1/ECUINS~1/Build/ECUINS~1/GeneratedCode/LibraryFiles/ModelInit/NoEthIoCore_HostPC64_GCC_Debug.lib(NoEthInit.obj)
                0x000000000000d800                g_VEOS_ModelInit_Eth
 .data          0x000000000000d8e0        0x0 C:/PROGRA~1/COMMON~1/dSPACE/GCC/5.2/bin/../lib/gcc/x86_64-w64-mingw32/5.2.0/../../../../x86_64-w64-mingw32/lib/../lib/libmingw32.a(lib64_libmingw32_a-atonexit.o)
 .data          0x000000000000d8e0       0x10 C:/PROGRA~1/COMMON~1/dSPACE/GCC/5.2/bin/../lib/gcc/x86_64-w64-mingw32/5.2.0/../../../../x86_64-w64-mingw32/lib/../lib/libmingw32.a(lib64_libmingw32_a-gccmain.o)
 .data          0x000000000000d8f0       0x10 C:/PROGRA~1/COMMON~1/dSPACE/GCC/5.2/bin/../lib/gcc/x86_64-w64-mingw32/5.2.0/../../../../x86_64-w64-mingw32/lib/../lib/libmingw32.a(lib64_libmingw32_a-natstart.o)
                0x000000000000d8f0                __native_vcclrit_reason
                0x000000000000d8f4                __native_dllmain_reason
 .data          0x000000000000d900        0x0 C:/PROGRA~1/COMMON~1/dSPACE/GCC/5.2/bin/../lib/gcc/x86_64-w64-mingw32/5.2.0/../../../../x86_64-w64-mingw32/lib/../lib/libmingw32.a(lib64_libmingw32_a-gs_support.o)
 .data          0x000000000000d900        0x0 C:/PROGRA~1/COMMON~1/dSPACE/GCC/5.2/bin/../lib/gcc/x86_64-w64-mingw32/5.2.0/../../../../x86_64-w64-mingw32/lib/../lib/libmingw32.a(lib64_libmingw32_a-tlssup.o)
 .data          0x000000000000d900        0x0 C:/PROGRA~1/COMMON~1/dSPACE/GCC/5.2/bin/../lib/gcc/x86_64-w64-mingw32/5.2.0/../../../../x86_64-w64-mingw32/lib/../lib/libmingw32.a(lib64_libmingw32_a-cinitexe.o)
 .data          0x000000000000d900        0x0 C:/PROGRA~1/COMMON~1/dSPACE/GCC/5.2/bin/../lib/gcc/x86_64-w64-mingw32/5.2.0/../../../../x86_64-w64-mingw32/lib/../lib/libmingw32.a(lib64_libmingw32_a-mingw_helpers.o)
 .data          0x000000000000d900        0x0 C:/PROGRA~1/COMMON~1/dSPACE/GCC/5.2/bin/../lib/gcc/x86_64-w64-mingw32/5.2.0/../../../../x86_64-w64-mingw32/lib/../lib/libmingw32.a(lib64_libmingw32_a-pseudo-reloc.o)
 .data          0x000000000000d900        0x0 C:/PROGRA~1/COMMON~1/dSPACE/GCC/5.2/bin/../lib/gcc/x86_64-w64-mingw32/5.2.0/../../../../x86_64-w64-mingw32/lib/../lib/libmingw32.a(lib64_libmingw32_a-crt_handler.o)
 .data          0x000000000000d900        0x0 C:/PROGRA~1/COMMON~1/dSPACE/GCC/5.2/bin/../lib/gcc/x86_64-w64-mingw32/5.2.0/../../../../x86_64-w64-mingw32/lib/../lib/libmingw32.a(lib64_libmingw32_a-tlsthrd.o)
 .data          0x000000000000d900       0x10 C:/PROGRA~1/COMMON~1/dSPACE/GCC/5.2/bin/../lib/gcc/x86_64-w64-mingw32/5.2.0/../../../../x86_64-w64-mingw32/lib/../lib/libmingw32.a(lib64_libmingw32_a-tlsmcrt.o)
                0x000000000000d900                _CRT_MT
 .data          0x000000000000d910        0x0 C:/PROGRA~1/COMMON~1/dSPACE/GCC/5.2/bin/../lib/gcc/x86_64-w64-mingw32/5.2.0/../../../../x86_64-w64-mingw32/lib/../lib/libmingw32.a(lib64_libmingw32_a-pseudo-reloc-list.o)
 .data          0x000000000000d910        0x0 C:/PROGRA~1/COMMON~1/dSPACE/GCC/5.2/bin/../lib/gcc/x86_64-w64-mingw32/5.2.0/../../../../x86_64-w64-mingw32/lib/../lib/libmingw32.a(lib64_libmingw32_a-pesect.o)
 .data          0x000000000000d910        0x0 C:/PROGRA~1/COMMON~1/dSPACE/GCC/5.2/bin/../lib/gcc/x86_64-w64-mingw32/5.2.0/../../../../x86_64-w64-mingw32/lib/../lib/libmingw32.a(lib64_libmingw32_a-CRT_fp10.o)
 .data          0x000000000000d910        0x0 C:/PROGRA~1/COMMON~1/dSPACE/GCC/5.2/bin/../lib/gcc/x86_64-w64-mingw32/5.2.0/libgcc.a(_chkstk_ms.o)
 .data          0x000000000000d910        0x0 C:/PROGRA~1/COMMON~1/dSPACE/GCC/5.2/bin/../lib/gcc/x86_64-w64-mingw32/5.2.0/libgcc.a(_ctors.o)
 .data          0x000000000000d910        0x0 C:/PROGRA~1/COMMON~1/dSPACE/GCC/5.2/bin/../lib/gcc/x86_64-w64-mingw32/5.2.0/../../../../x86_64-w64-mingw32/lib/../lib/libmingwex.a(lib64_libmingwex_a-dllentry.o)
 .data          0x000000000000d910        0x0 C:/PROGRA~1/COMMON~1/dSPACE/GCC/5.2/bin/../lib/gcc/x86_64-w64-mingw32/5.2.0/../../../../x86_64-w64-mingw32/lib/../lib/libmingwex.a(lib64_libmingwex_a-dllmain.o)
 .data          0x000000000000d910        0x0 C:/PROGRA~1/COMMON~1/dSPACE/GCC/5.2/bin/../lib/gcc/x86_64-w64-mingw32/5.2.0/../../../../x86_64-w64-mingw32/lib/../lib/libmingwex.a(lib64_libmingwex_a-mingw_getsp.o)
 .data          0x000000000000d910        0x0 C:/PROGRA~1/COMMON~1/dSPACE/GCC/5.2/bin/../lib/gcc/x86_64-w64-mingw32/5.2.0/../../../../x86_64-w64-mingw32/lib/../lib/libmsvcrt.a(dises01239.o)
 .data          0x000000000000d910        0x0 C:/PROGRA~1/COMMON~1/dSPACE/GCC/5.2/bin/../lib/gcc/x86_64-w64-mingw32/5.2.0/../../../../x86_64-w64-mingw32/lib/../lib/libmsvcrt.a(dises01207.o)
 .data          0x000000000000d910        0x0 C:/PROGRA~1/COMMON~1/dSPACE/GCC/5.2/bin/../lib/gcc/x86_64-w64-mingw32/5.2.0/../../../../x86_64-w64-mingw32/lib/../lib/libmsvcrt.a(dises01204.o)
 .data          0x000000000000d910        0x0 C:/PROGRA~1/COMMON~1/dSPACE/GCC/5.2/bin/../lib/gcc/x86_64-w64-mingw32/5.2.0/../../../../x86_64-w64-mingw32/lib/../lib/libmsvcrt.a(dises01183.o)
 .data          0x000000000000d910        0x0 C:/PROGRA~1/COMMON~1/dSPACE/GCC/5.2/bin/../lib/gcc/x86_64-w64-mingw32/5.2.0/../../../../x86_64-w64-mingw32/lib/../lib/libmsvcrt.a(dises01153.o)
 .data          0x000000000000d910        0x0 C:/PROGRA~1/COMMON~1/dSPACE/GCC/5.2/bin/../lib/gcc/x86_64-w64-mingw32/5.2.0/../../../../x86_64-w64-mingw32/lib/../lib/libmsvcrt.a(dises01145.o)
 .data          0x000000000000d910        0x0 C:/PROGRA~1/COMMON~1/dSPACE/GCC/5.2/bin/../lib/gcc/x86_64-w64-mingw32/5.2.0/../../../../x86_64-w64-mingw32/lib/../lib/libmsvcrt.a(dises01144.o)
 .data          0x000000000000d910        0x0 C:/PROGRA~1/COMMON~1/dSPACE/GCC/5.2/bin/../lib/gcc/x86_64-w64-mingw32/5.2.0/../../../../x86_64-w64-mingw32/lib/../lib/libmsvcrt.a(dises01097.o)
 .data          0x000000000000d910        0x0 C:/PROGRA~1/COMMON~1/dSPACE/GCC/5.2/bin/../lib/gcc/x86_64-w64-mingw32/5.2.0/../../../../x86_64-w64-mingw32/lib/../lib/libmsvcrt.a(dises01086.o)
 .data          0x000000000000d910        0x0 C:/PROGRA~1/COMMON~1/dSPACE/GCC/5.2/bin/../lib/gcc/x86_64-w64-mingw32/5.2.0/../../../../x86_64-w64-mingw32/lib/../lib/libmsvcrt.a(dises01047.o)
 .data          0x000000000000d910        0x0 C:/PROGRA~1/COMMON~1/dSPACE/GCC/5.2/bin/../lib/gcc/x86_64-w64-mingw32/5.2.0/../../../../x86_64-w64-mingw32/lib/../lib/libmsvcrt.a(dises01030.o)
 .data          0x000000000000d910        0x0 C:/PROGRA~1/COMMON~1/dSPACE/GCC/5.2/bin/../lib/gcc/x86_64-w64-mingw32/5.2.0/../../../../x86_64-w64-mingw32/lib/../lib/libmsvcrt.a(dises00983.o)
 .data          0x000000000000d910        0x0 C:/PROGRA~1/COMMON~1/dSPACE/GCC/5.2/bin/../lib/gcc/x86_64-w64-mingw32/5.2.0/../../../../x86_64-w64-mingw32/lib/../lib/libmsvcrt.a(dises00819.o)
 .data          0x000000000000d910        0x0 C:/PROGRA~1/COMMON~1/dSPACE/GCC/5.2/bin/../lib/gcc/x86_64-w64-mingw32/5.2.0/../../../../x86_64-w64-mingw32/lib/../lib/libmsvcrt.a(dises00667.o)
 .data          0x000000000000d910        0x0 C:/PROGRA~1/COMMON~1/dSPACE/GCC/5.2/bin/../lib/gcc/x86_64-w64-mingw32/5.2.0/../../../../x86_64-w64-mingw32/lib/../lib/libmsvcrt.a(dises00640.o)
 .data          0x000000000000d910        0x0 C:/PROGRA~1/COMMON~1/dSPACE/GCC/5.2/bin/../lib/gcc/x86_64-w64-mingw32/5.2.0/../../../../x86_64-w64-mingw32/lib/../lib/libmsvcrt.a(dises00615.o)
 .data          0x000000000000d910        0x0 C:/PROGRA~1/COMMON~1/dSPACE/GCC/5.2/bin/../lib/gcc/x86_64-w64-mingw32/5.2.0/../../../../x86_64-w64-mingw32/lib/../lib/libmsvcrt.a(dises00611.o)
 .data          0x000000000000d910        0x0 C:/PROGRA~1/COMMON~1/dSPACE/GCC/5.2/bin/../lib/gcc/x86_64-w64-mingw32/5.2.0/../../../../x86_64-w64-mingw32/lib/../lib/libmsvcrt.a(dises00439.o)
 .data          0x000000000000d910        0x0 C:/PROGRA~1/COMMON~1/dSPACE/GCC/5.2/bin/../lib/gcc/x86_64-w64-mingw32/5.2.0/../../../../x86_64-w64-mingw32/lib/../lib/libmsvcrt.a(dises00330.o)
 .data          0x000000000000d910        0x0 C:/PROGRA~1/COMMON~1/dSPACE/GCC/5.2/bin/../lib/gcc/x86_64-w64-mingw32/5.2.0/../../../../x86_64-w64-mingw32/lib/../lib/libmsvcrt.a(dises00289.o)
 .data          0x000000000000d910        0x0 C:/PROGRA~1/COMMON~1/dSPACE/GCC/5.2/bin/../lib/gcc/x86_64-w64-mingw32/5.2.0/../../../../x86_64-w64-mingw32/lib/../lib/libmsvcrt.a(dises00122.o)
 .data          0x000000000000d910        0x0 C:/PROGRA~1/COMMON~1/dSPACE/GCC/5.2/bin/../lib/gcc/x86_64-w64-mingw32/5.2.0/../../../../x86_64-w64-mingw32/lib/../lib/libmsvcrt.a(dises00083.o)
 .data          0x000000000000d910        0x0 C:/PROGRA~1/COMMON~1/dSPACE/GCC/5.2/bin/../lib/gcc/x86_64-w64-mingw32/5.2.0/../../../../x86_64-w64-mingw32/lib/../lib/libmsvcrt.a(dises00078.o)
 .data          0x000000000000d910        0x0 C:/PROGRA~1/COMMON~1/dSPACE/GCC/5.2/bin/../lib/gcc/x86_64-w64-mingw32/5.2.0/../../../../x86_64-w64-mingw32/lib/../lib/libmsvcrt.a(diseh.o)
 .data          0x000000000000d910        0x0 C:/PROGRA~1/COMMON~1/dSPACE/GCC/5.2/bin/../lib/gcc/x86_64-w64-mingw32/5.2.0/../../../../x86_64-w64-mingw32/lib/../lib/libmsvcrt.a(diset.o)
 .data          0x000000000000d910        0x0 C:/PROGRA~1/COMMON~1/dSPACE/GCC/5.2/bin/../lib/gcc/x86_64-w64-mingw32/5.2.0/../../../../x86_64-w64-mingw32/lib/../lib/libkernel32.a(dgvcs01298.o)
 .data          0x000000000000d910        0x0 C:/PROGRA~1/COMMON~1/dSPACE/GCC/5.2/bin/../lib/gcc/x86_64-w64-mingw32/5.2.0/../../../../x86_64-w64-mingw32/lib/../lib/libkernel32.a(dgvcs01266.o)
 .data          0x000000000000d910        0x0 C:/PROGRA~1/COMMON~1/dSPACE/GCC/5.2/bin/../lib/gcc/x86_64-w64-mingw32/5.2.0/../../../../x86_64-w64-mingw32/lib/../lib/libkernel32.a(dgvcs01264.o)
 .data          0x000000000000d910        0x0 C:/PROGRA~1/COMMON~1/dSPACE/GCC/5.2/bin/../lib/gcc/x86_64-w64-mingw32/5.2.0/../../../../x86_64-w64-mingw32/lib/../lib/libkernel32.a(dgvcs01234.o)
 .data          0x000000000000d910        0x0 C:/PROGRA~1/COMMON~1/dSPACE/GCC/5.2/bin/../lib/gcc/x86_64-w64-mingw32/5.2.0/../../../../x86_64-w64-mingw32/lib/../lib/libkernel32.a(dgvcs01221.o)
 .data          0x000000000000d910        0x0 C:/PROGRA~1/COMMON~1/dSPACE/GCC/5.2/bin/../lib/gcc/x86_64-w64-mingw32/5.2.0/../../../../x86_64-w64-mingw32/lib/../lib/libkernel32.a(dgvcs01214.o)
 .data          0x000000000000d910        0x0 C:/PROGRA~1/COMMON~1/dSPACE/GCC/5.2/bin/../lib/gcc/x86_64-w64-mingw32/5.2.0/../../../../x86_64-w64-mingw32/lib/../lib/libkernel32.a(dgvcs01200.o)
 .data          0x000000000000d910        0x0 C:/PROGRA~1/COMMON~1/dSPACE/GCC/5.2/bin/../lib/gcc/x86_64-w64-mingw32/5.2.0/../../../../x86_64-w64-mingw32/lib/../lib/libkernel32.a(dgvcs01187.o)
 .data          0x000000000000d910        0x0 C:/PROGRA~1/COMMON~1/dSPACE/GCC/5.2/bin/../lib/gcc/x86_64-w64-mingw32/5.2.0/../../../../x86_64-w64-mingw32/lib/../lib/libkernel32.a(dgvcs01145.o)
 .data          0x000000000000d910        0x0 C:/PROGRA~1/COMMON~1/dSPACE/GCC/5.2/bin/../lib/gcc/x86_64-w64-mingw32/5.2.0/../../../../x86_64-w64-mingw32/lib/../lib/libkernel32.a(dgvcs01044.o)
 .data          0x000000000000d910        0x0 C:/PROGRA~1/COMMON~1/dSPACE/GCC/5.2/bin/../lib/gcc/x86_64-w64-mingw32/5.2.0/../../../../x86_64-w64-mingw32/lib/../lib/libkernel32.a(dgvcs01037.o)
 .data          0x000000000000d910        0x0 C:/PROGRA~1/COMMON~1/dSPACE/GCC/5.2/bin/../lib/gcc/x86_64-w64-mingw32/5.2.0/../../../../x86_64-w64-mingw32/lib/../lib/libkernel32.a(dgvcs01030.o)
 .data          0x000000000000d910        0x0 C:/PROGRA~1/COMMON~1/dSPACE/GCC/5.2/bin/../lib/gcc/x86_64-w64-mingw32/5.2.0/../../../../x86_64-w64-mingw32/lib/../lib/libkernel32.a(dgvcs01029.o)
 .data          0x000000000000d910        0x0 C:/PROGRA~1/COMMON~1/dSPACE/GCC/5.2/bin/../lib/gcc/x86_64-w64-mingw32/5.2.0/../../../../x86_64-w64-mingw32/lib/../lib/libkernel32.a(dgvcs00959.o)
 .data          0x000000000000d910        0x0 C:/PROGRA~1/COMMON~1/dSPACE/GCC/5.2/bin/../lib/gcc/x86_64-w64-mingw32/5.2.0/../../../../x86_64-w64-mingw32/lib/../lib/libkernel32.a(dgvcs00958.o)
 .data          0x000000000000d910        0x0 C:/PROGRA~1/COMMON~1/dSPACE/GCC/5.2/bin/../lib/gcc/x86_64-w64-mingw32/5.2.0/../../../../x86_64-w64-mingw32/lib/../lib/libkernel32.a(dgvcs00844.o)
 .data          0x000000000000d910        0x0 C:/PROGRA~1/COMMON~1/dSPACE/GCC/5.2/bin/../lib/gcc/x86_64-w64-mingw32/5.2.0/../../../../x86_64-w64-mingw32/lib/../lib/libkernel32.a(dgvcs00762.o)
 .data          0x000000000000d910        0x0 C:/PROGRA~1/COMMON~1/dSPACE/GCC/5.2/bin/../lib/gcc/x86_64-w64-mingw32/5.2.0/../../../../x86_64-w64-mingw32/lib/../lib/libkernel32.a(dgvcs00678.o)
 .data          0x000000000000d910        0x0 C:/PROGRA~1/COMMON~1/dSPACE/GCC/5.2/bin/../lib/gcc/x86_64-w64-mingw32/5.2.0/../../../../x86_64-w64-mingw32/lib/../lib/libkernel32.a(dgvcs00651.o)
 .data          0x000000000000d910        0x0 C:/PROGRA~1/COMMON~1/dSPACE/GCC/5.2/bin/../lib/gcc/x86_64-w64-mingw32/5.2.0/../../../../x86_64-w64-mingw32/lib/../lib/libkernel32.a(dgvcs00599.o)
 .data          0x000000000000d910        0x0 C:/PROGRA~1/COMMON~1/dSPACE/GCC/5.2/bin/../lib/gcc/x86_64-w64-mingw32/5.2.0/../../../../x86_64-w64-mingw32/lib/../lib/libkernel32.a(dgvcs00549.o)
 .data          0x000000000000d910        0x0 C:/PROGRA~1/COMMON~1/dSPACE/GCC/5.2/bin/../lib/gcc/x86_64-w64-mingw32/5.2.0/../../../../x86_64-w64-mingw32/lib/../lib/libkernel32.a(dgvcs00529.o)
 .data          0x000000000000d910        0x0 C:/PROGRA~1/COMMON~1/dSPACE/GCC/5.2/bin/../lib/gcc/x86_64-w64-mingw32/5.2.0/../../../../x86_64-w64-mingw32/lib/../lib/libkernel32.a(dgvcs00467.o)